******************************************************************************
                  TI ARM Linker Unix v20.2.7                   
******************************************************************************
>> Linked Thu Apr 18 12:20:49 2024

OUTPUT FILE NAME:   <gpiointerrupt_CC3220S_LAUNCHXL_nortos_ccs.out>
ENTRY POINT SYMBOL: "resetISR"  address: 20011e6d


MEMORY CONFIGURATION

         name            origin    length      used     unused   attr    fill
----------------------  --------  ---------  --------  --------  ----  --------
  SRAM2                 20000000   00004000  0000130c  00002cf4  RW X
  SRAM                  20004000   0003c000  0000f4fe  0002cb02  RW X
  LOG_DATA              90000000   00040000  00000000  00040000  R   


SEGMENT ALLOCATION MAP

run origin  load origin   length   init length attrs members
----------  ----------- ---------- ----------- ----- -------
20003000    20003000    00001000   00000000    rw-
  20003000    20003000    00001000   00000000    rw- .stack
20004000    20004000    00000040   00000040    r--
  20004000    20004000    00000040   00000040    r-- .resetVecs
20004040    20004040    00008000   00000000    rw-
  20004040    20004040    00008000   00000000    rw- .sysmem
2000c040    2000c040    00006372   00006372    r-x
  2000c040    2000c040    00006372   00006372    r-x .text
200123b4    200123b4    000006d4   00000000    rw-
  200123b4    200123b4    000006d4   00000000    rw- .data
20012a88    20012a88    000004e0   000004e0    r--
  20012a88    20012a88    000004e0   000004e0    r-- .const
20012f68    20012f68    00000498   00000000    rw-
  20012f68    20012f68    00000498   00000000    rw- .bss
20013400    20013400    00000100   00000100    r--
  20013400    20013400    00000100   00000100    r-- .cinit


SECTION ALLOCATION MAP

 output                                  attributes/
section   page    origin      length       input sections
--------  ----  ----------  ----------   ----------------
.text      0    2000c040    00006372     
                  2000c040    00000a4e     rtsv7M4_T_le_eabi.lib : _printfi.c.obj (.text:__TI_printfi)
                  2000ca8e    00000002     ti_drivers_config.obj (.text:Board_initHook)
                  2000ca90    0000042c     driverlib.a : prcm.obj (.text:PRCMCC3200MCUInit)
                  2000cebc    00000288     drivers_cc32xx.a : UARTCC32XX.oem4 (.text:UARTCC32XX_open)
                  2000d144    00000268     rtsv7M4_T_le_eabi.lib : _printfi.c.obj (.text:_pconv_a)
                  2000d3ac    000001cc                           : _printfi.c.obj (.text:_pconv_g)
                  2000d578    000001c8     gpiointerrupt.obj (.text:initI2C)
                  2000d740    000001b6     rtsv7M4_T_le_eabi.lib : fd_add_t2.asm.obj (.text)
                  2000d8f6    00000002     drivers_cc32xx.a : I2C.oem4 (.text:I2C_init)
                  2000d8f8    000001a0     nortos_cc32xx.a : PowerCC32XX_nortos.oem4 (.text:PowerCC32XX_sleepPolicy)
                  2000da98    00000154     drivers_cc32xx.a : GPIOCC32XX.oem4 (.text:GPIO_setConfig)
                  2000dbec    00000148                      : I2CCC32XX.oem4 (.text:I2CCC32XX_hwiFxn)
                  2000dd34    00000148                      : PowerCC32XX.oem4 (.text:parkPins)
                  2000de7c    0000013c     rtsv7M4_T_le_eabi.lib : _printfi.c.obj (.text:_pconv_e)
                  2000dfb8    00000138     drivers_cc32xx.a : PowerCC32XX.oem4 (.text:Power_sleep)
                  2000e0f0    00000138                      : TimerCC32XX.oem4 (.text:Timer_open)
                  2000e228    00000136     rtsv7M4_T_le_eabi.lib : fd_div_t2.asm.obj (.text)
                  2000e35e    00000122     drivers_cc32xx.a : I2C.oem4 (.text:I2C_transferTimeout)
                  2000e480    00000120                      : UARTCC32XX.oem4 (.text:UARTCC32XX_close)
                  2000e5a0    00000120     rtsv7M4_T_le_eabi.lib : _printfi.c.obj (.text:fcvt)
                  2000e6c0    00000100                           : memory.c.obj (.text:aligned_alloc)
                  2000e7c0    000000fc     drivers_cc32xx.a : I2CCC32XX.oem4 (.text:I2C_open)
                  2000e8bc    000000fc     rtsv7M4_T_le_eabi.lib : fd_mul_t2.asm.obj (.text)
                  2000e9b8    000000f2     drivers_cc32xx.a : UARTCC32XX.oem4 (.text:UARTCC32XX_control)
                  2000eaaa    00000002     nortos_cc32xx.a : PowerCC32XX_nortos.oem4 (.text:PowerCC32XX_initPolicy)
                  2000eaac    000000ec     gpiointerrupt.obj (.text:readTemp)
                  2000eb98    000000e4     rtsv7M4_T_le_eabi.lib : memory.c.obj (.text:free)
                  2000ec7c    000000d0                           : s_scalbn.c.obj (.text:scalbn)
                  2000ed4c    000000ca     drivers_cc32xx.a : UARTCC32XX.oem4 (.text:UARTCC32XX_write)
                  2000ee16    00000002     nortos_cc32xx.a : SemaphoreP_nortos.oem4 (.text:SemaphoreP_destruct)
                  2000ee18    000000c0     drivers_cc32xx.a : PowerCC32XX.oem4 (.text:restoreParkedPins)
                  2000eed8    000000ba                      : UARTCC32XX.oem4 (.text:UARTCC32XX_readPolling)
                  2000ef92    00000002                      : Timer.oem4 (.text:Timer_init)
                  2000ef94    000000b8                      : UARTCC32XX.oem4 (.text:initHw)
                  2000f04c    000000b6                      : UARTCC32XX.oem4 (.text:readTaskCallback)
                  2000f102    000000b2                      : I2CCC32XX.oem4 (.text:I2CCC32XX_completeTransfer)
                  2000f1b4    000000b1     rtsv7M4_T_le_eabi.lib : _printfi.c.obj (.text:_ltostr)
                  2000f265    00000001     --HOLE-- [fill = 0]
                  2000f266    000000b0     drivers_cc32xx.a : UARTCC32XX.oem4 (.text:readTaskBlocking)
                  2000f316    000000ae                      : UARTCC32XX.oem4 (.text:readIsrTextBlocking)
                  2000f3c4    000000a8                      : I2CCC32XX.oem4 (.text:I2CCC32XX_primeWriteBurst)
                  2000f46c    000000a8     driverlib.a : interrupt.obj (.text:IntEnable)
                  2000f514    000000a8     drivers_cc32xx.a : PowerCC32XX.oem4 (.text:PowerCC32XX_configureWakeup)
                  2000f5bc    000000a2                      : UARTCC32XX.oem4 (.text:readIsrTextCallback)
                  2000f65e    000000a2                      : UARTCC32XX.oem4 (.text:writeData)
                  2000f700    000000a0     nortos_cc32xx.a : SemaphoreP_nortos.oem4 (.text:SemaphoreP_pend)
                  2000f7a0    0000009c     drivers_cc32xx.a : I2CCC32XX.oem4 (.text:I2CCC32XX_initHw)
                  2000f83c    0000009c     rtsv7M4_T_le_eabi.lib : memcpy_t2.asm.obj (.text)
                  2000f8d8    00000096                           : ull_div_t2.asm.obj (.text)
                  2000f96e    00000002     drivers_cc32xx.a : UARTCC32XX.oem4 (.text:UARTCC32XX_init)
                  2000f970    00000090                      : GPIOCC32XX.oem4 (.text:GPIO_init)
                  2000fa00    00000090     gpiointerrupt.obj (.text:mainThread)
                  2000fa90    00000090     drivers_cc32xx.a : PowerCC32XX.oem4 (.text:restoreNVICRegs)
                  2000fb20    0000008c     nortos_cc32xx.a : HwiPCC32XX_nortos.oem4 (.text:HwiP_construct)
                  2000fbac    00000088     driverlib.a : interrupt.obj (.text:IntPendSet)
                  2000fc34    00000088                 : pin.obj (.text:PinConfigSet)
                  2000fcbc    00000086     rtsv7M4_T_le_eabi.lib : fd_cmp_t2.asm.obj (.text:__aeabi_cdcmple)
                  2000fd42    00000086                           : fd_cmp_t2.asm.obj (.text:__aeabi_cdrcmple)
                  2000fdc8    00000084     drivers_cc32xx.a : PowerCC32XX.oem4 (.text:Power_init)
                  2000fe4c    00000084                      : PowerCC32XX.oem4 (.text:saveNVICRegs)
                  2000fed0    00000080                      : GPIOCC32XX.oem4 (.text:GPIO_write)
                  2000ff50    00000080                      : PowerCC32XX.oem4 (.text:Power_setDependency)
                  2000ffd0    0000007c                      : UARTCC32XX.oem4 (.text:readIsrBinaryBlocking)
                  2001004c    0000007a                      : I2CCC32XX.oem4 (.text:I2CCC32XX_primeReadBurst)
                  200100c6    0000007a     rtsv7M4_T_le_eabi.lib : fs_mul_t2.asm.obj (.text)
                  20010140    0000007a                           : memset_t2.asm.obj (.text)
                  200101ba    00000078     drivers_cc32xx.a : UARTCC32XX.oem4 (.text:readIsrBinaryCallback)
                  20010232    00000074                      : UARTCC32XX.oem4 (.text:UARTCC32XX_hwiIntFxn)
                  200102a6    00000002     rtsv7M4_T_le_eabi.lib : _lock.c.obj (.text:_nop)
                  200102a8    00000074     drivers_cc32xx.a : GPIOCC32XX.oem4 (.text:powerNotifyFxn)
                  2001031c    00000070     rtsv7M4_T_le_eabi.lib : memory.c.obj (.text:split)
                  2001038c    0000006e                           : _printfi.c.obj (.text:_mcpy)
                  200103fa    0000006a     drivers_cc32xx.a : I2CCC32XX.oem4 (.text:I2CSupport_primeTransfer)
                  20010464    00000068     rtsv7M4_T_le_eabi.lib : copy_decompress_lzss.c.obj (.text:decompress:lzss:__TI_decompress_lzss)
                  200104cc    00000066     drivers_cc32xx.a : UARTCC32XX.oem4 (.text:UARTCC32XX_writeCancel)
                  20010532    00000002     nortos_cc32xx.a : startup_cc32xx_ccs.oem4 (.text:busFaultHandler)
                  20010534    00000064     drivers_cc32xx.a : GPIOCC32XX.oem4 (.text:GPIO_setInterruptConfig)
                  20010598    00000064                      : PowerCC32XX.oem4 (.text:PowerCC32XX_setParkState)
                  200105fc    00000064     gpiointerrupt.obj (.text:TickFct_DisplayStatus)
                  20010660    00000062     drivers_cc32xx.a : UARTCC32XX.oem4 (.text:UARTCC32XX_writePolling)
                  200106c2    00000002     nortos_cc32xx.a : SemaphoreP_nortos.oem4 (.text:clkFxn)
                  200106c4    00000060     drivers_cc32xx.a : GPIOCC32XX.oem4 (.text:GPIO_hwiIntFxn)
                  20010724    00000060     driverlib.a : prcm.obj (.text:PRCMSysResetCauseGet)
                  20010784    0000005c     rtsv7M4_T_le_eabi.lib : s_frexp.c.obj (.text:frexp)
                  200107e0    0000005c     nortos_cc32xx.a : ClockPSysTick_nortos.oem4 (.text:sysTickInit)
                  2001083c    00000058     driverlib.a : prcm.obj (.text:PRCMPeripheralReset)
                  20010894    00000058     drivers_cc32xx.a : PowerCC32XX.oem4 (.text:Power_releaseDependency)
                  200108ec    00000056     rtsv7M4_T_le_eabi.lib : _printfi.c.obj (.text:_pconv_f)
                  20010942    00000054                           : _ltoa.c.obj (.text:__TI_ltoa)
                  20010996    00000002     nortos_cc32xx.a : startup_cc32xx_ccs.oem4 (.text:defaultHandler)
                  20010998    00000054     gpiointerrupt.obj (.text:initGPIO)
                  200109ec    00000054     drivers_cc32xx.a : UARTCC32XX.oem4 (.text:ringBufGet)
                  20010a40    00000052                      : PowerCC32XX_asm.oem4 (.text:PowerCC32XX_resumeLPDS)
                  20010a92    00000052     rtsv7M4_T_le_eabi.lib : _printfi.c.obj (.text:_ecpy)
                  20010ae4    00000052     drivers_cc32xx.a : TimerCC32XX.oem4 (.text:initHw)
                  20010b36    00000002     nortos_cc32xx.a : startup_cc32xx_ccs.oem4 (.text:faultISR)
                  20010b38    00000050                     : ClockPSysTick_nortos.oem4 (.text:ClockP_sysTickHandler)
                  20010b88    00000050                     : SemaphoreP_nortos.oem4 (.text:SemaphoreP_construct)
                  20010bd8    00000050     gpiointerrupt.obj (.text:TickFct_AdjustSetPoint)
                  20010c28    00000050     drivers_cc32xx.a : TimerCC32XX.oem4 (.text:TimerCC32XX_allocateTimerResource)
                  20010c78    0000004c                      : I2CCC32XX.oem4 (.text:I2CCC32XX_readRecieveFifo)
                  20010cc4    0000004c                      : PowerCC32XX.oem4 (.text:PowerCC32XX_parkPin)
                  20010d10    0000004c     rtsv7M4_T_le_eabi.lib : atoi.c.obj (.text:atoi)
                  20010d5c    0000004c     drivers_cc32xx.a : PowerCC32XX.oem4 (.text:restorePeriphClocks)
                  20010da8    0000004c     rtsv7M4_T_le_eabi.lib : snprintf.c.obj (.text:snprintf)
                  20010df4    00000048     driverlib.a : flash.obj (.text:FlashDisable)
                  20010e3c    00000048     drivers_cc32xx.a : GPIOCC32XX.oem4 (.text:GPIO_disableInt)
                  20010e84    00000048                      : GPIOCC32XX.oem4 (.text:GPIO_enableInt)
                  20010ecc    00000048     driverlib.a : prcm.obj (.text:PRCMLPDSEnter)
                  20010f14    00000048                 : prcm.obj (.text:PRCMPeripheralClkEnable)
                  20010f5c    00000048     drivers_cc32xx.a : PowerCC32XX.oem4 (.text:Power_releaseConstraint)
                  20010fa4    00000048     gpiointerrupt.obj (.text:initTimer)
                  20010fec    00000048     rtsv7M4_T_le_eabi.lib : fd_toi_t2.asm.obj (.text)
                  20011034    00000046     drivers_cc32xx.a : RingBuf.oem4 (.text:RingBuf_put)
                  2001107a    00000046                      : TimerCC32XX.oem4 (.text:getPrescaler)
                  200110c0    00000044     nortos_cc32xx.a : ClockPSysTick_nortos.oem4 (.text:ClockP_stop)
                  20011104    00000044     driverlib.a : prcm.obj (.text:PRCMLPDSRestoreInfoSet)
                  20011148    00000044     drivers_cc32xx.a : PowerCC32XX_asm.oem4 (.text:PowerCC32XX_enterLPDS)
                  2001118c    00000044     nortos_cc32xx.a : SemaphoreP_nortos.oem4 (.text:SemaphoreP_post)
                  200111d0    00000044                     : SwiP_nortos.oem4 (.text:SwiP_restore)
                  20011214    00000044     drivers_cc32xx.a : Timer.oem4 (.text:Timer_start)
                  20011258    00000044                      : UART.oem4 (.text:UART_init)
                  2001129c    00000044     rtsv7M4_T_le_eabi.lib : autoinit.c.obj (.text:__TI_auto_init_nobinit_nopinit:__TI_auto_init_nobinit_nopinit)
                  200112e0    00000040     nortos_cc32xx.a : ClockPSysTick_nortos.oem4 (.text:ClockP_construct)
                  20011320    00000040     driverlib.a : pin.obj (.text:PinModeSet)
                  20011360    00000040     drivers_cc32xx.a : RingBuf.oem4 (.text:RingBuf_get)
                  200113a0    00000040                      : TimerCC32XX.oem4 (.text:TimerSupport_timerEnable)
                  200113e0    00000040                      : TimerCC32XX.oem4 (.text:Timer_close)
                  20011420    00000040                      : UARTCC32XX.oem4 (.text:UARTCC32XX_read)
                  20011460    00000040                      : UART.oem4 (.text:UART_open)
                  200114a0    0000003e     rtsv7M4_T_le_eabi.lib : _printfi.c.obj (.text:_fcpy)
                  200114de    00000002     nortos_cc32xx.a : startup_cc32xx_ccs.oem4 (.text:nmiISR)
                  200114e0    0000003c                     : ClockPSysTick_nortos.oem4 (.text:ClockP_destruct)
                  2001151c    0000003c     drivers_cc32xx.a : PowerCC32XX.oem4 (.text:Power_setConstraint)
                  20011558    0000003c     gpiointerrupt.obj (.text:initUART)
                  20011594    0000003a     nortos_cc32xx.a : PowerCC32XX_nortos.oem4 (.text:getCountsRTC)
                  200115ce    00000002     rtsv7M4_T_le_eabi.lib : div0.asm.obj (.text)
                  200115d0    00000038     driverlib.a : prcm.obj (.text:PRCMLPDSEnterKeepDebugIf)
                  20011608    00000038     nortos_cc32xx.a : ClockPSysTick_nortos.oem4 (.text:addToList)
                  20011640    00000038                     : startup_cc32xx_ccs.oem4 (.text:initVectors)
                  20011678    00000038     drivers_cc32xx.a : PowerCC32XX.oem4 (.text:notify)
                  200116b0    00000038     rtsv7M4_T_le_eabi.lib : fs_toi_t2.asm.obj (.text)
                  200116e8    00000038                           : i_tofs_t2.asm.obj (.text)
                  20011720    00000036     driverlib.a : timer.obj (.text:TimerControlStall)
                  20011756    00000036     drivers_cc32xx.a : Timer.oem4 (.text:Timer_stop)
                  2001178c    00000036                      : UARTCC32XX.oem4 (.text:UARTCC32XX_readCancel)
                  200117c2    00000002     --HOLE-- [fill = 0]
                  200117c4    00000034     nortos_cc32xx.a : ClockPSysTick_nortos.oem4 (.text:ClockP_getTicksUntilInterrupt)
                  200117f8    00000034                     : ClockPSysTick_nortos.oem4 (.text:ClockP_startup)
                  2001182c    00000034     driverlib.a : pin.obj (.text:PinModeGet)
                  20011860    00000034     drivers_cc32xx.a : PowerCC32XX.oem4 (.text:PowerCC32XX_restoreParkState)
                  20011894    00000034                      : TimerCC32XX.oem4 (.text:TimerCC32XX_freeTimerResource)
                  200118c8    00000034                      : TimerCC32XX.oem4 (.text:TimerCC32XX_hwiIntFunction)
                  200118fc    00000034                      : TimerCC32XX.oem4 (.text:getPowerMgrId)
                  20011930    00000030     nortos_cc32xx.a : ClockPSysTick_nortos.oem4 (.text:ClockP_start)
                  20011960    00000030     drivers_cc32xx.a : PowerCC32XX.oem4 (.text:PowerCC32XX_restoreParkedPin)
                  20011990    00000030     rtsv7M4_T_le_eabi.lib : snprintf.c.obj (.text:_outs)
                  200119c0    0000002e                           : i_tofd_t2.asm.obj (.text)
                  200119ee    00000002     --HOLE-- [fill = 0]
                  200119f0    0000002c     drivers_cc32xx.a : PowerCC32XX.oem4 (.text:PowerCC32XX_getParkState)
                  20011a1c    0000002c     gpiointerrupt.obj (.text:TickFct_ProcessHeating)
                  20011a48    0000002a     nortos_cc32xx.a : HwiPCC32XX_nortos.oem4 (.text:HwiP_create)
                  20011a72    0000002a     driverlib.a : timer.obj (.text:TimerLoadSet)
                  20011a9c    0000002a                 : timer.obj (.text:TimerPrescaleSet)
                  20011ac6    00000028                 : i2c.obj (.text:I2CFIFODataPutNonBlocking)
                  20011aee    00000002     --HOLE-- [fill = 0]
                  20011af0    00000028                 : prcm.obj (.text:PRCMPeripheralClkDisable)
                  20011b18    00000028     drivers_cc32xx.a : PowerCC32XX.oem4 (.text:Power_registerNotify)
                  20011b40    00000028     rtsv7M4_T_le_eabi.lib : memory.c.obj (.text:free_list_insert)
                  20011b68    00000026     driverlib.a : i2c.obj (.text:I2CFIFODataGetNonBlocking)
                  20011b8e    00000026     drivers_cc32xx.a : I2C.oem4 (.text:I2C_cancel)
                  20011bb4    00000026                      : List.oem4 (.text:List_put)
                  20011bda    00000026                      : List.oem4 (.text:List_remove)
                  20011c00    00000024     nortos_cc32xx.a : HwiPCC32XX_nortos.oem4 (.text:HwiP_dispatch)
                  20011c24    00000024     drivers_cc32xx.a : PowerCC32XX.oem4 (.text:PowerCC32XX_reset)
                  20011c48    00000024                      : TimerCC32XX.oem4 (.text:TimerSupport_timerDisable)
                  20011c6c    00000024     rtsv7M4_T_le_eabi.lib : boot_cortex_m.c.obj (.text:_c_int00_noargs:_c_int00_noargs)
                  20011c90    00000022     driverlib.a : i2c.obj (.text:I2CMasterSlaveAddrSet)
                  20011cb2    00000020     nortos_cc32xx.a : HwiPCC32XX_nortos.oem4 (.text:HwiP_destruct)
                  20011cd2    00000002     --HOLE-- [fill = 0]
                  20011cd4    00000020     drivers_cc32xx.a : PowerCC32XX.oem4 (.text:Power_unregisterNotify)
                  20011cf4    00000020                      : RingBuf.oem4 (.text:RingBuf_peek)
                  20011d14    00000020                      : UARTCC32XX.oem4 (.text:getPowerMgrId)
                  20011d34    0000001e     driverlib.a : i2c.obj (.text:I2CMasterIntStatusEx)
                  20011d52    0000001e     nortos_cc32xx.a : SemaphoreP_nortos.oem4 (.text:SemaphoreP_constructBinary)
                  20011d70    0000001e     driverlib.a : timer.obj (.text:TimerDisable)
                  20011d8e    0000001e                 : timer.obj (.text:TimerEnable)
                  20011dac    0000001c     drivers_cc32xx.a : GPIO.oem4 (.text:GPIO_setCallback)
                  20011dc8    0000001c     driverlib.a : pin.obj (.text:PinToPadGet)
                  20011de4    0000001c     nortos_cc32xx.a : SwiP_nortos.oem4 (.text:SwiP_disable)
                  20011e00    0000001c     rtsv7M4_T_le_eabi.lib : memory.c.obj (.text:free_list_remove)
                  20011e1c    0000001c                           : memccpy.c.obj (.text:memccpy)
                  20011e38    0000001a     nortos_cc32xx.a : ClockPSysTick_nortos.oem4 (.text:ClockP_create)
                  20011e52    0000001a                     : SemaphoreP_nortos.oem4 (.text:SemaphoreP_createBinary)
                  20011e6c    0000001a                     : startup_cc32xx_ccs.oem4 (.text:resetISR)
                  20011e86    00000018     driverlib.a : i2c.obj (.text:I2CMasterBusBusy)
                  20011e9e    00000018                 : i2c.obj (.text:I2CMasterIntDisableEx)
                  20011eb6    00000018                 : i2c.obj (.text:I2CMasterIntEnableEx)
                  20011ece    00000018                 : i2c.obj (.text:I2CRxFIFOFlush)
                  20011ee6    00000018                 : i2c.obj (.text:I2CTxFIFOFlush)
                  20011efe    00000002     --HOLE-- [fill = 0]
                  20011f00    00000018     drivers_cc32xx.a : PowerCC32XX.oem4 (.text:Power_getTransitionLatency)
                  20011f18    00000018                      : PowerCC32XX.oem4 (.text:Power_idleFunc)
                  20011f30    00000018     driverlib.a : timer.obj (.text:TimerIntDisable)
                  20011f48    00000018                 : timer.obj (.text:TimerIntEnable)
                  20011f60    00000018                 : uart.obj (.text:UARTBusy)
                  20011f78    00000018                 : uart.obj (.text:UARTIntEnable)
                  20011f90    00000018     drivers_cc32xx.a : UART.oem4 (.text:UART_Params_init)
                  20011fa8    00000018     rtsv7M4_T_le_eabi.lib : snprintf.c.obj (.text:_outc)
                  20011fc0    00000018                           : ll_mul_t2.asm.obj (.text)
                  20011fd8    00000016     driverlib.a : i2c.obj (.text:I2CMasterBurstLengthSet)
                  20011fee    00000016                 : prcm.obj (.text:PRCMHIBRegRead)
                  20012004    00000016                 : prcm.obj (.text:PRCMHIBRegWrite)
                  2001201a    00000016     nortos_cc32xx.a : SemaphoreP_nortos.oem4 (.text:SemaphoreP_create)
                  20012030    00000016     rtsv7M4_T_le_eabi.lib : strchr.c.obj (.text:strchr)
                  20012046    00000014     ti_drivers_config.obj (.text:Board_init)
                  2001205a    00000014     driverlib.a : cpu.obj (.text:CPUcpsid)
                  2001206e    00000002     --HOLE-- [fill = 0]
                  20012070    00000014     nortos_cc32xx.a : HwiPCC32XX_nortos.oem4 (.text:HwiP_inISR)
                  20012084    00000014     drivers_cc32xx.a : I2CCC32XX.oem4 (.text:I2CSupport_masterFinish)
                  20012098    00000014                      : I2C.oem4 (.text:I2C_transfer)
                  200120ac    00000014     driverlib.a : interrupt.obj (.text:IntVTableBaseSet)
                  200120c0    00000014     drivers_cc32xx.a : PowerCC32XX.oem4 (.text:Power_disablePolicy)
                  200120d4    00000014                      : PowerCC32XX.oem4 (.text:Power_getDependencyCount)
                  200120e8    00000014     gpiointerrupt.obj (.text:gpioButtonFxn0)
                  200120fc    00000014     gpiointerrupt.obj (.text:gpioButtonFxn1)
                  20012110    00000014     drivers_cc32xx.a : UARTCC32XX.oem4 (.text:releasePowerConstraint)
                  20012124    00000014     rtsv7M4_T_le_eabi.lib : strlen.c.obj (.text:strlen)
                  20012138    00000012     nortos_cc32xx.a : HwiPCC32XX_nortos.oem4 (.text:HwiP_Params_init)
                  2001214a    00000012     driverlib.a : i2c.obj (.text:I2CMasterIntClearEx)
                  2001215c    00000012     drivers_cc32xx.a : RingBuf.oem4 (.text:RingBuf_construct)
                  2001216e    00000012     driverlib.a : timer.obj (.text:TimerIntClear)
                  20012180    00000012     main_nortos.obj (.text:main)
                  20012192    00000012     rtsv7M4_T_le_eabi.lib : wcslen.c.obj (.text:wcslen)
                  200121a4    00000010     nortos_cc32xx.a : ClockPSysTick_nortos.oem4 (.text:ClockP_add)
                  200121b4    00000010                     : ClockPSysTick_nortos.oem4 (.text:ClockP_delete)
                  200121c4    00000010                     : ClockPSysTick_nortos.oem4 (.text:ClockP_getCpuFreq)
                  200121d4    00000010                     : ClockPSysTick_nortos.oem4 (.text:ClockP_getSystemTicks)
                  200121e4    00000010                     : ClockPSysTick_nortos.oem4 (.text:ClockP_setTicks)
                  200121f4    00000010                     : HwiPCC32XX_nortos.oem4 (.text:HwiP_delete)
                  20012204    00000010                     : HwiPCC32XX_nortos.oem4 (.text:HwiP_restore)
                  20012214    00000010     driverlib.a : i2c.obj (.text:I2CFIFOStatus)
                  20012224    00000010     drivers_cc32xx.a : I2C.oem4 (.text:I2C_Params_init)
                  20012234    00000010                      : PowerCC32XX.oem4 (.text:Power_enablePolicy)
                  20012244    00000010     nortos_cc32xx.a : SemaphoreP_nortos.oem4 (.text:SemaphoreP_Params_init)
                  20012254    00000010     drivers_cc32xx.a : Timer.oem4 (.text:Timer_Params_init)
                  20012264    00000010                      : UARTCC32XX.oem4 (.text:readBlockingTimeout)
                  20012274    0000000e     nortos_cc32xx.a : HwiPCC32XX_nortos.oem4 (.text:HwiP_clearInterrupt)
                  20012282    0000000e                     : HwiPCC32XX_nortos.oem4 (.text:HwiP_disable)
                  20012290    0000000e                     : HwiPCC32XX_nortos.oem4 (.text:HwiP_disableInterrupt)
                  2001229e    0000000e                     : HwiPCC32XX_nortos.oem4 (.text:HwiP_enable)
                  200122ac    0000000e                     : HwiPCC32XX_nortos.oem4 (.text:HwiP_enableInterrupt)
                  200122ba    0000000e     drivers_cc32xx.a : I2CCC32XX.oem4 (.text:I2CCC32XX_updateReg)
                  200122c8    0000000e                      : RingBuf.oem4 (.text:RingBuf_isFull)
                  200122d6    0000000e     rtsv7M4_T_le_eabi.lib : copy_decompress_none.c.obj (.text:decompress:none:__TI_decompress_none)
                  200122e4    0000000c     drivers_cc32xx.a : I2CCC32XX.oem4 (.text:I2CCC32XX_postNotify)
                  200122f0    0000000c                      : PowerCC32XX.oem4 (.text:Power_getConstraintMask)
                  200122fc    0000000c     rtsv7M4_T_le_eabi.lib : s_copysign.c.obj (.text:copysign)
                  20012308    0000000c                           : copy_zero_init.c.obj (.text:decompress:ZI:__TI_zero_init)
                  20012314    0000000c     drivers_cc32xx.a : TimerCC32XX.oem4 (.text:postNotifyFxn)
                  20012320    0000000c                      : UARTCC32XX.oem4 (.text:postNotifyFxn)
                  2001232c    0000000c     gpiointerrupt.obj (.text:timerCallback)
                  20012338    0000000a     nortos_cc32xx.a : ClockPSysTick_nortos.oem4 (.text:ClockP_Params_init)
                  20012342    0000000a                     : ClockPSysTick_nortos.oem4 (.text:ClockP_isActive)
                  2001234c    0000000a     driverlib.a : interrupt.obj (.text:IntMasterDisable)
                  20012356    0000000a     drivers_cc32xx.a : UART.oem4 (.text:UART_write)
                  20012360    00000008                      : I2CCC32XX.oem4 (.text:I2CCC32XX_blockingCallback)
                  20012368    00000008     rtsv7M4_T_le_eabi.lib : errno.c.obj (.text:__aeabi_errno_addr)
                  20012370    00000008                           : memory.c.obj (.text:malloc)
                  20012378    00000008     drivers_cc32xx.a : UARTCC32XX.oem4 (.text:readSemCallback)
                  20012380    00000008                      : UARTCC32XX.oem4 (.text:writeSemCallback)
                  20012388    00000006                      : I2CCC32XX.oem4 (.text:I2CSupport_powerRelConstraint)
                  2001238e    00000006                      : I2CCC32XX.oem4 (.text:I2CSupport_powerSetConstraint)
                  20012394    00000006     driverlib.a : utils.obj (.text:UtilsDelay)
                  2001239a    00000004     nortos_cc32xx.a : ClockPSysTick_nortos.oem4 (.text:ClockP_doTick)
                  2001239e    00000004                     : ClockPSysTick_nortos.oem4 (.text:ClockP_setTimeout)
                  200123a2    00000004                     : HwiPCC32XX_nortos.oem4 (.text:HwiP_post)
                  200123a6    00000004                     : SemaphoreP_nortos.oem4 (.text:SemaphoreP_delete)
                  200123aa    00000004     rtsv7M4_T_le_eabi.lib : pre_init.c.obj (.text:_system_pre_init)
                  200123ae    00000004                           : exit.c.obj (.text:abort:abort)

.const     0    20012a88    000004e0     
                  20012a88    00000101     rtsv7M4_T_le_eabi.lib : ctype.c.obj (.const:.string:_ctypes_)
                  20012b89    00000003     --HOLE-- [fill = 0]
                  20012b8c    00000100     driverlib.a : pin.obj (.const:g_ulPinToPadMap)
                  20012c8c    000000a8                 : prcm.obj (.const:PRCM_PeriphRegsList)
                  20012d34    00000044     ti_drivers_config.obj (.const:PowerCC32XX_config)
                  20012d78    00000028     drivers_cc32xx.a : UARTCC32XX.oem4 (.const:UARTCC32XX_fxnTable)
                  20012da0    00000028                      : GPIOCC32XX.oem4 (.const:portConfigs)
                  20012dc8    00000024                      : UART.oem4 (.const:UART_defaultParams)
                  20012dec    00000024     ti_drivers_config.obj (.const:uartCC32XXHWAttrs0)
                  20012e10    00000021     drivers_cc32xx.a : GPIOCC32XX.oem4 (.const:.string:pinTable)
                  20012e31    00000003     --HOLE-- [fill = 0]
                  20012e34    00000020                      : UARTCC32XX.oem4 (.const:staticFxnTable)
                  20012e54    00000018     driverlib.a : interrupt.obj (.const:g_pulEnRegs)
                  20012e6c    00000018                 : interrupt.obj (.const:g_pulPendRegs)
                  20012e84    00000018     gpiointerrupt.obj (.const:sensors)
                  20012e9c    00000014     ti_drivers_config.obj (.const:i2cCC32XXHWAttrs)
                  20012eb0    00000014     drivers_cc32xx.a : UARTCC32XX.oem4 (.const:parityType)
                  20012ec4    00000010     ti_drivers_config.obj (.const:GPIO_config)
                  20012ed4    00000010     drivers_cc32xx.a : I2C.oem4 (.const:I2C_defaultParams)
                  20012ee4    00000010                      : I2CCC32XX.oem4 (.const:I2C_defaultParams)
                  20012ef4    00000010                      : UARTCC32XX.oem4 (.const:dataLength)
                  20012f04    00000010     ti_drivers_config.obj (.const:timerCC32XXHWAttrs)
                  20012f14    0000000c     gpiointerrupt.obj (.const:.string)
                  20012f20    0000000c     ti_drivers_config.obj (.const:UART_config)
                  20012f2c    0000000c     drivers_cc32xx.a : Timer.oem4 (.const:defaultParams)
                  20012f38    0000000c                      : TimerCC32XX.oem4 (.const:defaultParams)
                  20012f44    0000000b     ti_drivers_config.obj (.const)
                  20012f4f    00000001     --HOLE-- [fill = 0]
                  20012f50    00000008     ti_drivers_config.obj (.const:I2C_config)
                  20012f58    00000008     ti_drivers_config.obj (.const:Timer_config)
                  20012f60    00000008     drivers_cc32xx.a : UARTCC32XX.oem4 (.const:stopBits)

.cinit     0    20013400    00000100     
                  20013400    000000d8     (.cinit..data.load) [load image, compression = lzss]
                  200134d8    0000000c     (__TI_handler_table)
                  200134e4    00000004     --HOLE-- [fill = 0]
                  200134e8    00000008     (.cinit..bss.load) [load image, compression = zero_init]
                  200134f0    00000010     (__TI_cinit_table)

.init_array 
*          0    20004000    00000000     UNINITIALIZED

.ramVecs   0    20000000    0000030c     NOLOAD SECTION
                  20000000    0000030c     nortos_cc32xx.a : startup_cc32xx_ccs.oem4 (.ramVecs)

.stack     0    20003000    00001000     UNINITIALIZED
                  20003000    00000004     rtsv7M4_T_le_eabi.lib : boot_cortex_m.c.obj (.stack)
                  20003004    00000ffc     --HOLE--

.resetVecs 
*          0    20004000    00000040     
                  20004000    00000040     nortos_cc32xx.a : startup_cc32xx_ccs.oem4 (.resetVecs:retain)

.sysmem    0    20004040    00008000     UNINITIALIZED
                  20004040    00000010     rtsv7M4_T_le_eabi.lib : memory.c.obj (.sysmem)
                  20004050    00007ff0     --HOLE--

.data      0    200123b4    000006d4     UNINITIALIZED
                  200123b4    0000030c     nortos_cc32xx.a : HwiPCC32XX_nortos.oem4 (.data:HwiP_dispatchTable)
                  200126c0    0000016c     drivers_cc32xx.a : PowerCC32XX.oem4 (.data:PowerCC32XX_module)
                  2001282c    000000f8     ti_drivers_config.obj (.data:parkInfo)
                  20012924    000000b0     gpiointerrupt.obj (.data:$O1$$)
                  200129d4    00000084     ti_drivers_config.obj (.data:gpioPinConfigs)
                  20012a58    00000008     rtsv7M4_T_le_eabi.lib : _lock.c.obj (.data:$O1$$)
                  20012a60    00000008                           : memory.c.obj (.data:$O1$$)
                  20012a68    00000008     nortos_cc32xx.a : SemaphoreP_nortos.oem4 (.data:SemaphoreP_defaultParams)
                  20012a70    00000008                     : HwiPCC32XX_nortos.oem4 (.data)
                  20012a78    00000005                     : ClockPSysTick_nortos.oem4 (.data)
                  20012a7d    00000003                     : SemaphoreP_nortos.oem4 (.data)
                  20012a80    00000004     rtsv7M4_T_le_eabi.lib : errno.c.obj (.data)
                  20012a84    00000002     drivers_cc32xx.a : GPIOCC32XX.oem4 (.data)
                  20012a86    00000001                      : UART.oem4 (.data)
                  20012a87    00000001     gpiointerrupt.obj (.data)

.bss       0    20012f68    00000498     UNINITIALIZED
                  20012f68    0000012c     (.common:PowerCC32XX_contextSave)
                  20013094    000000fc     (.common:i2cCC32XXObjects)
                  20013190    00000084     (.common:gpioCallbackFunctions)
                  20013214    00000084     (.common:gpioUserArgs)
                  20013298    00000084     (.common:timerCC32XXObjects)
                  2001331c    00000084     (.common:uartCC32XXObjects0)
                  200133a0    00000020     ti_drivers_config.obj (.bss:uartCC32XXRingBuffer0)
                  200133c0    00000014     drivers_cc32xx.a : GPIOCC32XX.oem4 (.bss:powerNotifyObj)
                  200133d4    00000004                      : GPIOCC32XX.oem4 (.bss)
                  200133d8    00000010     (.common:ClockP_ctrl)
                  200133e8    0000000d     nortos_cc32xx.a : SwiP_nortos.oem4 (.bss)
                  200133f5    00000003     --HOLE--
                  200133f8    00000004                     : ClockPSysTick_nortos.oem4 (.bss)
                  200133fc    00000004     drivers_cc32xx.a : TimerCC32XX.oem4 (.bss:timerState)

.log_data 
*          0    90000000    00000000     COPY SECTION

__llvm_prf_cnts 
*          0    20004000    00000000     UNINITIALIZED

MODULE SUMMARY

       Module                       code    ro data   rw data
       ------                       ----    -------   -------
    ./
       gpiointerrupt.obj            1328    36        177    
       main_nortos.obj              18      0         0      
    +--+----------------------------+-------+---------+---------+
       Total:                       1346    36        177    
                                                             
    ./syscfg/
       ti_drivers_config.obj        22      195       1192   
    +--+----------------------------+-------+---------+---------+
       Total:                       22      195       1192   
                                                             
    /Applications/ti/ccs1260/ccs/tools/compiler/ti-cgt-arm_20.2.7.LTS/lib/rtsv7M4_T_le_eabi.lib
       _printfi.c.obj               4835    0         0      
       memory.c.obj                 672     0         8      
       fd_add_t2.asm.obj            438     0         0      
       fd_div_t2.asm.obj            310     0         0      
       fd_cmp_t2.asm.obj            268     0         0      
       ctype.c.obj                  0       257       0      
       fd_mul_t2.asm.obj            252     0         0      
       s_scalbn.c.obj               208     0         0      
       memcpy_t2.asm.obj            156     0         0      
       ull_div_t2.asm.obj           150     0         0      
       snprintf.c.obj               148     0         0      
       fs_mul_t2.asm.obj            122     0         0      
       memset_t2.asm.obj            122     0         0      
       copy_decompress_lzss.c.obj   104     0         0      
       s_frexp.c.obj                92      0         0      
       _ltoa.c.obj                  84      0         0      
       atoi.c.obj                   76      0         0      
       fd_toi_t2.asm.obj            72      0         0      
       autoinit.c.obj               68      0         0      
       fs_toi_t2.asm.obj            56      0         0      
       i_tofs_t2.asm.obj            56      0         0      
       i_tofd_t2.asm.obj            46      0         0      
       boot_cortex_m.c.obj          36      0         0      
       memccpy.c.obj                28      0         0      
       ll_mul_t2.asm.obj            24      0         0      
       strchr.c.obj                 22      0         0      
       strlen.c.obj                 20      0         0      
       wcslen.c.obj                 18      0         0      
       copy_decompress_none.c.obj   14      0         0      
       copy_zero_init.c.obj         12      0         0      
       errno.c.obj                  8       0         4      
       s_copysign.c.obj             12      0         0      
       _lock.c.obj                  2       0         8      
       exit.c.obj                   4       0         0      
       pre_init.c.obj               4       0         0      
       div0.asm.obj                 2       0         0      
    +--+----------------------------+-------+---------+---------+
       Total:                       8541    257       20     
                                                             
    /Applications/ti/simplelink_cc32xx_sdk_6_10_00_05/kernel/nortos/lib/ccs/m4/nortos_cc32xx.a
       HwiPCC32XX_nortos.oem4       394     0         788    
       startup_cc32xx_ccs.oem4      90      64        780    
       ClockPSysTick_nortos.oem4    706     0         25     
       PowerCC32XX_nortos.oem4      476     0         0      
       SemaphoreP_nortos.oem4       410     0         11     
       SwiP_nortos.oem4             96      0         13     
    +--+----------------------------+-------+---------+---------+
       Total:                       2172    64        1617   
                                                             
    /Applications/ti/simplelink_cc32xx_sdk_6_10_00_05/source/ti/devices/cc32xx/driverlib/ccs/Release/driverlib.a
       prcm.obj                     1604    168       0      
       pin.obj                      280     256       0      
       interrupt.obj                334     48        0      
       i2c.obj                      318     0         0      
       timer.obj                    264     0         0      
       flash.obj                    72      0         0      
       uart.obj                     48      0         0      
       cpu.obj                      20      0         0      
       utils.obj                    6       0         0      
    +--+----------------------------+-------+---------+---------+
       Total:                       2946    472       0      
                                                             
    /Applications/ti/simplelink_cc32xx_sdk_6_10_00_05/source/ti/drivers/lib/ccs/m4/drivers_cc32xx.a
       UARTCC32XX.oem4              3466    116       0      
       PowerCC32XX.oem4             2432    0         664    
       I2CCC32XX.oem4               1452    16        0      
       GPIOCC32XX.oem4              1068    73        26     
       TimerCC32XX.oem4             876     12        4      
       I2C.oem4                     366     16        0      
       UART.oem4                    166     36        1      
       RingBuf.oem4                 198     0         0      
       Timer.oem4                   140     12        0      
       PowerCC32XX_asm.oem4         150     0         0      
       List.oem4                    76      0         0      
       GPIO.oem4                    28      0         0      
    +--+----------------------------+-------+---------+---------+
       Total:                       10418   281       695    
                                                             
       Heap:                        0       0         32768  
       Stack:                       0       0         4096   
       Linker Generated:            0       252       0      
    +--+----------------------------+-------+---------+---------+
       Grand Total:                 25445   1557      40565  


LINKER GENERATED COPY TABLES

__TI_cinit_table @ 200134f0 records: 2, size/record: 8, table size: 16
	.data: load addr=20013400, load size=000000d8 bytes, run addr=200123b4, run size=000006d4 bytes, compression=lzss
	.bss: load addr=200134e8, load size=00000008 bytes, run addr=20012f68, run size=00000498 bytes, compression=zero_init


LINKER GENERATED HANDLER TABLE

__TI_handler_table @ 200134d8 records: 3, size/record: 4, table size: 12
	index: 0, handler: __TI_decompress_lzss
	index: 1, handler: __TI_decompress_none
	index: 2, handler: __TI_zero_init


GLOBAL SYMBOLS: SORTED ALPHABETICALLY BY Name 

address   name                             
-------   ----                             
20012047  Board_init                       
2000ca8f  Board_initHook                   
20012925  Button_State                     
200123af  C$$EXIT                          
20012f46  CONFIG_GPIO_BUTTON_0_CONST       
20012f47  CONFIG_GPIO_BUTTON_1_CONST       
20012f48  CONFIG_GPIO_LED_0_CONST          
20012f49  CONFIG_I2C_0_CONST               
20012f4b  CONFIG_TIMER_0_CONST             
20012f4d  CONFIG_UART_0_CONST              
2001205b  CPUcpsid                         
20012339  ClockP_Params_init               
200121a5  ClockP_add                       
200112e1  ClockP_construct                 
20011e39  ClockP_create                    
200133d8  ClockP_ctrl                      
200121b5  ClockP_delete                    
200114e1  ClockP_destruct                  
2001239b  ClockP_doTick                    
200121c5  ClockP_getCpuFreq                
200121d5  ClockP_getSystemTicks            
200117c5  ClockP_getTicksUntilInterrupt    
20012343  ClockP_isActive                  
200121e5  ClockP_setTicks                  
2001239f  ClockP_setTimeout                
20011931  ClockP_start                     
200117f9  ClockP_startup                   
200110c1  ClockP_stop                      
20010b39  ClockP_sysTickHandler            
20012a78  ClockP_tickPeriod                
20010df5  FlashDisable                     
20012ec4  GPIO_config                      
20010e3d  GPIO_disableInt                  
20010e85  GPIO_enableInt                   
200106c5  GPIO_hwiIntFxn                   
2000f971  GPIO_init                        
20012f44  GPIO_pinLowerBound               
20012f45  GPIO_pinUpperBound               
20011dad  GPIO_setCallback                 
2000da99  GPIO_setConfig                   
20010535  GPIO_setInterruptConfig          
2000fed1  GPIO_write                       
20012926  Heating_State                    
20012139  HwiP_Params_init                 
20012275  HwiP_clearInterrupt              
2000fb21  HwiP_construct                   
20011a49  HwiP_create                      
200121f5  HwiP_delete                      
20011cb3  HwiP_destruct                    
20012283  HwiP_disable                     
20012291  HwiP_disableInterrupt            
20011c01  HwiP_dispatch                    
2001229f  HwiP_enable                      
200122ad  HwiP_enableInterrupt             
20012071  HwiP_inISR                       
20012a70  HwiP_key                         
200123a3  HwiP_post                        
20012205  HwiP_restore                     
20012a74  HwiP_swiPIntNum                  
20011b69  I2CFIFODataGetNonBlocking        
20011ac7  I2CFIFODataPutNonBlocking        
20012215  I2CFIFOStatus                    
20011fd9  I2CMasterBurstLengthSet          
20011e87  I2CMasterBusBusy                 
2001214b  I2CMasterIntClearEx              
20011e9f  I2CMasterIntDisableEx            
20011eb7  I2CMasterIntEnableEx             
20011d35  I2CMasterIntStatusEx             
20011c91  I2CMasterSlaveAddrSet            
20011ecf  I2CRxFIFOFlush                   
20012085  I2CSupport_masterFinish          
20012389  I2CSupport_powerRelConstraint    
2001238f  I2CSupport_powerSetConstraint    
200103fb  I2CSupport_primeTransfer         
20011ee7  I2CTxFIFOFlush                   
20012225  I2C_Params_init                  
20011b8f  I2C_cancel                       
20012f50  I2C_config                       
20012f4a  I2C_count                        
20012ed4  I2C_defaultParams                
2000d8f7  I2C_init                         
2000e7c1  I2C_open                         
20012099  I2C_transfer                     
2000e35f  I2C_transferTimeout              
UNDEFED   ITM_flush                        
UNDEFED   ITM_restore                      
2000f46d  IntEnable                        
2001234d  IntMasterDisable                 
2000fbad  IntPendSet                       
200120ad  IntVTableBaseSet                 
20011bb5  List_put                         
20011bdb  List_remove                      
2001229f  NoRTOS_start                     
2000ca91  PRCMCC3200MCUInit                
20011fef  PRCMHIBRegRead                   
20012005  PRCMHIBRegWrite                  
20010ecd  PRCMLPDSEnter                    
200115d1  PRCMLPDSEnterKeepDebugIf         
20011105  PRCMLPDSRestoreInfoSet           
20011af1  PRCMPeripheralClkDisable         
20010f15  PRCMPeripheralClkEnable          
2001083d  PRCMPeripheralReset              
20010725  PRCMSysResetCauseGet             
2000fc35  PinConfigSet                     
2001182d  PinModeGet                       
20011321  PinModeSet                       
20011dc9  PinToPadGet                      
20012d34  PowerCC32XX_config               
2000f515  PowerCC32XX_configureWakeup      
20012f68  PowerCC32XX_contextSave          
20011149  PowerCC32XX_enterLPDS            
200119f1  PowerCC32XX_getParkState         
2000eaab  PowerCC32XX_initPolicy           
200126c0  PowerCC32XX_module               
20010cc5  PowerCC32XX_parkPin              
20011c25  PowerCC32XX_reset                
20011861  PowerCC32XX_restoreParkState     
20011961  PowerCC32XX_restoreParkedPin     
20010a41  PowerCC32XX_resumeLPDS           
20010599  PowerCC32XX_setParkState         
2000d8f9  PowerCC32XX_sleepPolicy          
200120c1  Power_disablePolicy              
20012235  Power_enablePolicy               
200122f1  Power_getConstraintMask          
200120d5  Power_getDependencyCount         
20011f01  Power_getTransitionLatency       
20011f19  Power_idleFunc                   
2000fdc9  Power_init                       
20011b19  Power_registerNotify             
20010f5d  Power_releaseConstraint          
20010895  Power_releaseDependency          
2001151d  Power_setConstraint              
2000ff51  Power_setDependency              
2000dfb9  Power_sleep                      
20011cd5  Power_unregisterNotify           
2001215d  RingBuf_construct                
20011361  RingBuf_get                      
200122c9  RingBuf_isFull                   
20011cf5  RingBuf_peek                     
20011035  RingBuf_put                      
20012245  SemaphoreP_Params_init           
20010b89  SemaphoreP_construct             
20011d53  SemaphoreP_constructBinary       
2001201b  SemaphoreP_create                
20011e53  SemaphoreP_createBinary          
20012a68  SemaphoreP_defaultParams         
200123a7  SemaphoreP_delete                
2000ee17  SemaphoreP_destruct              
2000f701  SemaphoreP_pend                  
2001118d  SemaphoreP_post                  
20011de5  SwiP_disable                     
200111d1  SwiP_restore                     
20010bd9  TickFct_AdjustSetPoint           
200105fd  TickFct_DisplayStatus            
20011a1d  TickFct_ProcessHeating           
20010c29  TimerCC32XX_allocateTimerResource
20011895  TimerCC32XX_freeTimerResource    
20011721  TimerControlStall                
20011d71  TimerDisable                     
20011d8f  TimerEnable                      
20012a87  TimerFlag                        
2001216f  TimerIntClear                    
20011f31  TimerIntDisable                  
20011f49  TimerIntEnable                   
20011a73  TimerLoadSet                     
20011a9d  TimerPrescaleSet                 
20011c49  TimerSupport_timerDisable        
200113a1  TimerSupport_timerEnable         
20012255  Timer_Params_init                
200113e1  Timer_close                      
20012f58  Timer_config                     
20012f4c  Timer_count                      
2000ef93  Timer_init                       
2000e0f1  Timer_open                       
20011215  Timer_start                      
20011757  Timer_stop                       
20011f61  UARTBusy                         
2000e481  UARTCC32XX_close                 
2000e9b9  UARTCC32XX_control               
20012d78  UARTCC32XX_fxnTable              
2000f96f  UARTCC32XX_init                  
2000cebd  UARTCC32XX_open                  
20011421  UARTCC32XX_read                  
2001178d  UARTCC32XX_readCancel            
2000eed9  UARTCC32XX_readPolling           
2000ed4d  UARTCC32XX_write                 
200104cd  UARTCC32XX_writeCancel           
20010661  UARTCC32XX_writePolling          
20011f79  UARTIntEnable                    
20011f91  UART_Params_init                 
20012f20  UART_config                      
20012f4e  UART_count                       
20012dc8  UART_defaultParams               
20011259  UART_init                        
20011461  UART_open                        
20012357  UART_write                       
20012395  UtilsDelay                       
20004000  __STACK_END                      
00001000  __STACK_SIZE                     
00008000  __SYSMEM_SIZE                    
200134f0  __TI_CINIT_Base                  
20013500  __TI_CINIT_Limit                 
200134d8  __TI_Handler_Table_Base          
200134e4  __TI_Handler_Table_Limit         
2001129d  __TI_auto_init_nobinit_nopinit   
20010465  __TI_decompress_lzss             
200122d7  __TI_decompress_none             
20010943  __TI_ltoa                        
ffffffff  __TI_pprof_out_hndl              
2000c041  __TI_printfi                     
ffffffff  __TI_prof_data_size              
ffffffff  __TI_prof_data_start             
20013400  __TI_static_base__               
20012309  __TI_zero_init                   
2000fcbd  __aeabi_cdcmpeq                  
2000fcbd  __aeabi_cdcmple                  
2000fd43  __aeabi_cdrcmple                 
20010fed  __aeabi_d2iz                     
2000d74b  __aeabi_dadd                     
2000e229  __aeabi_ddiv                     
2000e8bd  __aeabi_dmul                     
2000d741  __aeabi_dsub                     
20012369  __aeabi_errno_addr               
200116b1  __aeabi_f2iz                     
200100c7  __aeabi_fmul                     
200119c1  __aeabi_i2d                      
200116e9  __aeabi_i2f                      
200115cf  __aeabi_idiv0                    
200115cf  __aeabi_ldiv0                    
20011fc1  __aeabi_lmul                     
20010141  __aeabi_memclr                   
20010141  __aeabi_memclr4                  
20010141  __aeabi_memclr8                  
2000f83d  __aeabi_memcpy                   
2000f83d  __aeabi_memcpy4                  
2000f83d  __aeabi_memcpy8                  
20010143  __aeabi_memset                   
20010143  __aeabi_memset4                  
20010143  __aeabi_memset8                  
2000f8d9  __aeabi_uldivmod                 
ffffffff  __binit__                        
ffffffff  __c_args__                       
UNDEFED   __mpu_init                       
20003000  __stack                          
20004000  __start___llvm_prf_cnts          
20004000  __stop___llvm_prf_cnts           
20011c6d  _c_int00_noargs                  
20012a88  _ctypes_                         
20012a58  _lock                            
200102a7  _nop                             
20004040  _sys_memory                      
UNDEFED   _system_post_cinit               
200123ab  _system_pre_init                 
20012a5c  _unlock                          
200123af  abort                            
2000e6c1  aligned_alloc                    
20010d11  atoi                             
ffffffff  binit                            
20012940  buttonFlag                       
200106c3  clkFxn                           
200122fd  copysign                         
200122fd  copysignl                        
20012a80  errno                            
2000eb99  free                             
20010785  frexp                            
20010785  frexpl                           
200120e9  gpioButtonFxn0                   
200120fd  gpioButtonFxn1                   
20013190  gpioCallbackFunctions            
200129d4  gpioPinConfigs                   
20013214  gpioUserArgs                     
20012930  i2c                              
20012e9c  i2cCC32XXHWAttrs                 
20013094  i2cCC32XXObjects                 
20012944  i2cTransaction                   
20010999  initGPIO                         
2000d579  initI2C                          
20010fa5  initTimer                        
20011559  initUART                         
20011641  initVectors                      
2000ec7d  ldexp                            
2000ec7d  ldexpl                           
20012181  main                             
2000fa01  mainThread                       
20012371  malloc                           
2000e6c1  memalign                         
20011e1d  memccpy                          
2000f83d  memcpy                           
20010149  memset                           
20012994  output                           
2001282c  parkInfo                         
2000eaad  readTemp                         
20011e6d  resetISR                         
20011e80  resetVectorAddr                  
20004000  resetVectors                     
2001292a  roomTemperature                  
20012927  rxBuffer                         
2000ec7d  scalbn                           
2000ec7d  scalbnl                          
2001293c  secondsSinceReset                
2001292c  setPoint                         
20010da9  snprintf                         
20012031  strchr                           
20012125  strlen                           
20012964  tasks                            
20012938  timer0                           
20012f04  timerCC32XXHWAttrs               
20013298  timerCC32XXObjects               
2001232d  timerCallback                    
20012924  txBuffer                         
20012934  uart                             
2001331c  uartCC32XXObjects0               
20012193  wcslen                           


GLOBAL SYMBOLS: SORTED BY Symbol Address 

address   name                             
-------   ----                             
00001000  __STACK_SIZE                     
00008000  __SYSMEM_SIZE                    
20003000  __stack                          
20004000  __STACK_END                      
20004000  __start___llvm_prf_cnts          
20004000  __stop___llvm_prf_cnts           
20004000  resetVectors                     
20004040  _sys_memory                      
2000c041  __TI_printfi                     
2000ca8f  Board_initHook                   
2000ca91  PRCMCC3200MCUInit                
2000cebd  UARTCC32XX_open                  
2000d579  initI2C                          
2000d741  __aeabi_dsub                     
2000d74b  __aeabi_dadd                     
2000d8f7  I2C_init                         
2000d8f9  PowerCC32XX_sleepPolicy          
2000da99  GPIO_setConfig                   
2000dfb9  Power_sleep                      
2000e0f1  Timer_open                       
2000e229  __aeabi_ddiv                     
2000e35f  I2C_transferTimeout              
2000e481  UARTCC32XX_close                 
2000e6c1  aligned_alloc                    
2000e6c1  memalign                         
2000e7c1  I2C_open                         
2000e8bd  __aeabi_dmul                     
2000e9b9  UARTCC32XX_control               
2000eaab  PowerCC32XX_initPolicy           
2000eaad  readTemp                         
2000eb99  free                             
2000ec7d  ldexp                            
2000ec7d  ldexpl                           
2000ec7d  scalbn                           
2000ec7d  scalbnl                          
2000ed4d  UARTCC32XX_write                 
2000ee17  SemaphoreP_destruct              
2000eed9  UARTCC32XX_readPolling           
2000ef93  Timer_init                       
2000f46d  IntEnable                        
2000f515  PowerCC32XX_configureWakeup      
2000f701  SemaphoreP_pend                  
2000f83d  __aeabi_memcpy                   
2000f83d  __aeabi_memcpy4                  
2000f83d  __aeabi_memcpy8                  
2000f83d  memcpy                           
2000f8d9  __aeabi_uldivmod                 
2000f96f  UARTCC32XX_init                  
2000f971  GPIO_init                        
2000fa01  mainThread                       
2000fb21  HwiP_construct                   
2000fbad  IntPendSet                       
2000fc35  PinConfigSet                     
2000fcbd  __aeabi_cdcmpeq                  
2000fcbd  __aeabi_cdcmple                  
2000fd43  __aeabi_cdrcmple                 
2000fdc9  Power_init                       
2000fed1  GPIO_write                       
2000ff51  Power_setDependency              
200100c7  __aeabi_fmul                     
20010141  __aeabi_memclr                   
20010141  __aeabi_memclr4                  
20010141  __aeabi_memclr8                  
20010143  __aeabi_memset                   
20010143  __aeabi_memset4                  
20010143  __aeabi_memset8                  
20010149  memset                           
200102a7  _nop                             
200103fb  I2CSupport_primeTransfer         
20010465  __TI_decompress_lzss             
200104cd  UARTCC32XX_writeCancel           
20010535  GPIO_setInterruptConfig          
20010599  PowerCC32XX_setParkState         
200105fd  TickFct_DisplayStatus            
20010661  UARTCC32XX_writePolling          
200106c3  clkFxn                           
200106c5  GPIO_hwiIntFxn                   
20010725  PRCMSysResetCauseGet             
20010785  frexp                            
20010785  frexpl                           
2001083d  PRCMPeripheralReset              
20010895  Power_releaseDependency          
20010943  __TI_ltoa                        
20010999  initGPIO                         
20010a41  PowerCC32XX_resumeLPDS           
20010b39  ClockP_sysTickHandler            
20010b89  SemaphoreP_construct             
20010bd9  TickFct_AdjustSetPoint           
20010c29  TimerCC32XX_allocateTimerResource
20010cc5  PowerCC32XX_parkPin              
20010d11  atoi                             
20010da9  snprintf                         
20010df5  FlashDisable                     
20010e3d  GPIO_disableInt                  
20010e85  GPIO_enableInt                   
20010ecd  PRCMLPDSEnter                    
20010f15  PRCMPeripheralClkEnable          
20010f5d  Power_releaseConstraint          
20010fa5  initTimer                        
20010fed  __aeabi_d2iz                     
20011035  RingBuf_put                      
200110c1  ClockP_stop                      
20011105  PRCMLPDSRestoreInfoSet           
20011149  PowerCC32XX_enterLPDS            
2001118d  SemaphoreP_post                  
200111d1  SwiP_restore                     
20011215  Timer_start                      
20011259  UART_init                        
2001129d  __TI_auto_init_nobinit_nopinit   
200112e1  ClockP_construct                 
20011321  PinModeSet                       
20011361  RingBuf_get                      
200113a1  TimerSupport_timerEnable         
200113e1  Timer_close                      
20011421  UARTCC32XX_read                  
20011461  UART_open                        
200114e1  ClockP_destruct                  
2001151d  Power_setConstraint              
20011559  initUART                         
200115cf  __aeabi_idiv0                    
200115cf  __aeabi_ldiv0                    
200115d1  PRCMLPDSEnterKeepDebugIf         
20011641  initVectors                      
200116b1  __aeabi_f2iz                     
200116e9  __aeabi_i2f                      
20011721  TimerControlStall                
20011757  Timer_stop                       
2001178d  UARTCC32XX_readCancel            
200117c5  ClockP_getTicksUntilInterrupt    
200117f9  ClockP_startup                   
2001182d  PinModeGet                       
20011861  PowerCC32XX_restoreParkState     
20011895  TimerCC32XX_freeTimerResource    
20011931  ClockP_start                     
20011961  PowerCC32XX_restoreParkedPin     
200119c1  __aeabi_i2d                      
200119f1  PowerCC32XX_getParkState         
20011a1d  TickFct_ProcessHeating           
20011a49  HwiP_create                      
20011a73  TimerLoadSet                     
20011a9d  TimerPrescaleSet                 
20011ac7  I2CFIFODataPutNonBlocking        
20011af1  PRCMPeripheralClkDisable         
20011b19  Power_registerNotify             
20011b69  I2CFIFODataGetNonBlocking        
20011b8f  I2C_cancel                       
20011bb5  List_put                         
20011bdb  List_remove                      
20011c01  HwiP_dispatch                    
20011c25  PowerCC32XX_reset                
20011c49  TimerSupport_timerDisable        
20011c6d  _c_int00_noargs                  
20011c91  I2CMasterSlaveAddrSet            
20011cb3  HwiP_destruct                    
20011cd5  Power_unregisterNotify           
20011cf5  RingBuf_peek                     
20011d35  I2CMasterIntStatusEx             
20011d53  SemaphoreP_constructBinary       
20011d71  TimerDisable                     
20011d8f  TimerEnable                      
20011dad  GPIO_setCallback                 
20011dc9  PinToPadGet                      
20011de5  SwiP_disable                     
20011e1d  memccpy                          
20011e39  ClockP_create                    
20011e53  SemaphoreP_createBinary          
20011e6d  resetISR                         
20011e80  resetVectorAddr                  
20011e87  I2CMasterBusBusy                 
20011e9f  I2CMasterIntDisableEx            
20011eb7  I2CMasterIntEnableEx             
20011ecf  I2CRxFIFOFlush                   
20011ee7  I2CTxFIFOFlush                   
20011f01  Power_getTransitionLatency       
20011f19  Power_idleFunc                   
20011f31  TimerIntDisable                  
20011f49  TimerIntEnable                   
20011f61  UARTBusy                         
20011f79  UARTIntEnable                    
20011f91  UART_Params_init                 
20011fc1  __aeabi_lmul                     
20011fd9  I2CMasterBurstLengthSet          
20011fef  PRCMHIBRegRead                   
20012005  PRCMHIBRegWrite                  
2001201b  SemaphoreP_create                
20012031  strchr                           
20012047  Board_init                       
2001205b  CPUcpsid                         
20012071  HwiP_inISR                       
20012085  I2CSupport_masterFinish          
20012099  I2C_transfer                     
200120ad  IntVTableBaseSet                 
200120c1  Power_disablePolicy              
200120d5  Power_getDependencyCount         
200120e9  gpioButtonFxn0                   
200120fd  gpioButtonFxn1                   
20012125  strlen                           
20012139  HwiP_Params_init                 
2001214b  I2CMasterIntClearEx              
2001215d  RingBuf_construct                
2001216f  TimerIntClear                    
20012181  main                             
20012193  wcslen                           
200121a5  ClockP_add                       
200121b5  ClockP_delete                    
200121c5  ClockP_getCpuFreq                
200121d5  ClockP_getSystemTicks            
200121e5  ClockP_setTicks                  
200121f5  HwiP_delete                      
20012205  HwiP_restore                     
20012215  I2CFIFOStatus                    
20012225  I2C_Params_init                  
20012235  Power_enablePolicy               
20012245  SemaphoreP_Params_init           
20012255  Timer_Params_init                
20012275  HwiP_clearInterrupt              
20012283  HwiP_disable                     
20012291  HwiP_disableInterrupt            
2001229f  HwiP_enable                      
2001229f  NoRTOS_start                     
200122ad  HwiP_enableInterrupt             
200122c9  RingBuf_isFull                   
200122d7  __TI_decompress_none             
200122f1  Power_getConstraintMask          
200122fd  copysign                         
200122fd  copysignl                        
20012309  __TI_zero_init                   
2001232d  timerCallback                    
20012339  ClockP_Params_init               
20012343  ClockP_isActive                  
2001234d  IntMasterDisable                 
20012357  UART_write                       
20012369  __aeabi_errno_addr               
20012371  malloc                           
20012389  I2CSupport_powerRelConstraint    
2001238f  I2CSupport_powerSetConstraint    
20012395  UtilsDelay                       
2001239b  ClockP_doTick                    
2001239f  ClockP_setTimeout                
200123a3  HwiP_post                        
200123a7  SemaphoreP_delete                
200123ab  _system_pre_init                 
200123af  C$$EXIT                          
200123af  abort                            
200126c0  PowerCC32XX_module               
2001282c  parkInfo                         
20012924  txBuffer                         
20012925  Button_State                     
20012926  Heating_State                    
20012927  rxBuffer                         
2001292a  roomTemperature                  
2001292c  setPoint                         
20012930  i2c                              
20012934  uart                             
20012938  timer0                           
2001293c  secondsSinceReset                
20012940  buttonFlag                       
20012944  i2cTransaction                   
20012964  tasks                            
20012994  output                           
200129d4  gpioPinConfigs                   
20012a58  _lock                            
20012a5c  _unlock                          
20012a68  SemaphoreP_defaultParams         
20012a70  HwiP_key                         
20012a74  HwiP_swiPIntNum                  
20012a78  ClockP_tickPeriod                
20012a80  errno                            
20012a87  TimerFlag                        
20012a88  _ctypes_                         
20012d34  PowerCC32XX_config               
20012d78  UARTCC32XX_fxnTable              
20012dc8  UART_defaultParams               
20012e9c  i2cCC32XXHWAttrs                 
20012ec4  GPIO_config                      
20012ed4  I2C_defaultParams                
20012f04  timerCC32XXHWAttrs               
20012f20  UART_config                      
20012f44  GPIO_pinLowerBound               
20012f45  GPIO_pinUpperBound               
20012f46  CONFIG_GPIO_BUTTON_0_CONST       
20012f47  CONFIG_GPIO_BUTTON_1_CONST       
20012f48  CONFIG_GPIO_LED_0_CONST          
20012f49  CONFIG_I2C_0_CONST               
20012f4a  I2C_count                        
20012f4b  CONFIG_TIMER_0_CONST             
20012f4c  Timer_count                      
20012f4d  CONFIG_UART_0_CONST              
20012f4e  UART_count                       
20012f50  I2C_config                       
20012f58  Timer_config                     
20012f68  PowerCC32XX_contextSave          
20013094  i2cCC32XXObjects                 
20013190  gpioCallbackFunctions            
20013214  gpioUserArgs                     
20013298  timerCC32XXObjects               
2001331c  uartCC32XXObjects0               
200133d8  ClockP_ctrl                      
20013400  __TI_static_base__               
200134d8  __TI_Handler_Table_Base          
200134e4  __TI_Handler_Table_Limit         
200134f0  __TI_CINIT_Base                  
20013500  __TI_CINIT_Limit                 
ffffffff  __TI_pprof_out_hndl              
ffffffff  __TI_prof_data_size              
ffffffff  __TI_prof_data_start             
ffffffff  __binit__                        
ffffffff  __c_args__                       
ffffffff  binit                            
UNDEFED   ITM_flush                        
UNDEFED   ITM_restore                      
UNDEFED   __mpu_init                       
UNDEFED   _system_post_cinit               

[313 symbols]
