<?xml version="1.0" encoding="ISO-8859-1" ?>
<link_info>
   <banner>TI ARM Linker Unix v20.2.7.LTS</banner>
   <copyright>Copyright (c) 1996-2018 Texas Instruments Incorporated</copyright>
   <link_time>0x66107929</link_time>
   <link_errors>0x0</link_errors>
   <output_file>gpiointerrupt_CC3220S_LAUNCHXL_nortos_ccs.out</output_file>
   <entry_point>
      <name>resetISR</name>
      <address>0x2000e931</address>
   </entry_point>
   <input_file_list>
      <input_file id="fl-1">
         <path>./</path>
         <kind>object</kind>
         <file>gpiointerrupt.obj</file>
         <name>gpiointerrupt.obj</name>
      </input_file>
      <input_file id="fl-2">
         <path>./syscfg/</path>
         <kind>object</kind>
         <file>ti_drivers_config.obj</file>
         <name>ti_drivers_config.obj</name>
      </input_file>
      <input_file id="fl-3">
         <path>./</path>
         <kind>object</kind>
         <file>main_nortos.obj</file>
         <name>main_nortos.obj</name>
      </input_file>
      <input_file id="fl-c">
         <kind>object</kind>
         <file>&lt;internal&gt;</file>
         <name>&lt;internal&gt;</name>
      </input_file>
      <input_file id="fl-d">
         <path>/Applications/ti/simplelink_cc32xx_sdk_6_10_00_05/source/ti/drivers/lib/ccs/m4/</path>
         <kind>archive</kind>
         <file>drivers_cc32xx.a</file>
         <name>GPIO.oem4</name>
      </input_file>
      <input_file id="fl-e">
         <path>/Applications/ti/simplelink_cc32xx_sdk_6_10_00_05/source/ti/drivers/lib/ccs/m4/</path>
         <kind>archive</kind>
         <file>drivers_cc32xx.a</file>
         <name>Timer.oem4</name>
      </input_file>
      <input_file id="fl-f">
         <path>/Applications/ti/simplelink_cc32xx_sdk_6_10_00_05/source/ti/drivers/lib/ccs/m4/</path>
         <kind>archive</kind>
         <file>drivers_cc32xx.a</file>
         <name>GPIOCC32XX.oem4</name>
      </input_file>
      <input_file id="fl-10">
         <path>/Applications/ti/simplelink_cc32xx_sdk_6_10_00_05/source/ti/drivers/lib/ccs/m4/</path>
         <kind>archive</kind>
         <file>drivers_cc32xx.a</file>
         <name>PowerCC32XX.oem4</name>
      </input_file>
      <input_file id="fl-11">
         <path>/Applications/ti/simplelink_cc32xx_sdk_6_10_00_05/source/ti/drivers/lib/ccs/m4/</path>
         <kind>archive</kind>
         <file>drivers_cc32xx.a</file>
         <name>PowerCC32XX_asm.oem4</name>
      </input_file>
      <input_file id="fl-12">
         <path>/Applications/ti/simplelink_cc32xx_sdk_6_10_00_05/source/ti/drivers/lib/ccs/m4/</path>
         <kind>archive</kind>
         <file>drivers_cc32xx.a</file>
         <name>TimerCC32XX.oem4</name>
      </input_file>
      <input_file id="fl-13">
         <path>/Applications/ti/simplelink_cc32xx_sdk_6_10_00_05/source/ti/drivers/lib/ccs/m4/</path>
         <kind>archive</kind>
         <file>drivers_cc32xx.a</file>
         <name>List.oem4</name>
      </input_file>
      <input_file id="fl-14">
         <path>/Applications/ti/simplelink_cc32xx_sdk_6_10_00_05/kernel/nortos/lib/ccs/m4/</path>
         <kind>archive</kind>
         <file>nortos_cc32xx.a</file>
         <name>NoRTOS.oem4</name>
      </input_file>
      <input_file id="fl-15">
         <path>/Applications/ti/simplelink_cc32xx_sdk_6_10_00_05/kernel/nortos/lib/ccs/m4/</path>
         <kind>archive</kind>
         <file>nortos_cc32xx.a</file>
         <name>SemaphoreP_nortos.oem4</name>
      </input_file>
      <input_file id="fl-16">
         <path>/Applications/ti/simplelink_cc32xx_sdk_6_10_00_05/kernel/nortos/lib/ccs/m4/</path>
         <kind>archive</kind>
         <file>nortos_cc32xx.a</file>
         <name>ClockPSysTick_nortos.oem4</name>
      </input_file>
      <input_file id="fl-17">
         <path>/Applications/ti/simplelink_cc32xx_sdk_6_10_00_05/kernel/nortos/lib/ccs/m4/</path>
         <kind>archive</kind>
         <file>nortos_cc32xx.a</file>
         <name>HwiPCC32XX_nortos.oem4</name>
      </input_file>
      <input_file id="fl-18">
         <path>/Applications/ti/simplelink_cc32xx_sdk_6_10_00_05/kernel/nortos/lib/ccs/m4/</path>
         <kind>archive</kind>
         <file>nortos_cc32xx.a</file>
         <name>PowerCC32XX_nortos.oem4</name>
      </input_file>
      <input_file id="fl-19">
         <path>/Applications/ti/simplelink_cc32xx_sdk_6_10_00_05/kernel/nortos/lib/ccs/m4/</path>
         <kind>archive</kind>
         <file>nortos_cc32xx.a</file>
         <name>startup_cc32xx_ccs.oem4</name>
      </input_file>
      <input_file id="fl-1a">
         <path>/Applications/ti/simplelink_cc32xx_sdk_6_10_00_05/kernel/nortos/lib/ccs/m4/</path>
         <kind>archive</kind>
         <file>nortos_cc32xx.a</file>
         <name>SwiP_nortos.oem4</name>
      </input_file>
      <input_file id="fl-1b">
         <path>/Applications/ti/simplelink_cc32xx_sdk_6_10_00_05/kernel/nortos/lib/ccs/m4/</path>
         <kind>archive</kind>
         <file>nortos_cc32xx.a</file>
         <name>QueueP_nortos.oem4</name>
      </input_file>
      <input_file id="fl-1c">
         <path>/Applications/ti/simplelink_cc32xx_sdk_6_10_00_05/source/ti/devices/cc32xx/driverlib/ccs/Release/</path>
         <kind>archive</kind>
         <file>driverlib.a</file>
         <name>cpu.obj</name>
      </input_file>
      <input_file id="fl-1d">
         <path>/Applications/ti/simplelink_cc32xx_sdk_6_10_00_05/source/ti/devices/cc32xx/driverlib/ccs/Release/</path>
         <kind>archive</kind>
         <file>driverlib.a</file>
         <name>interrupt.obj</name>
      </input_file>
      <input_file id="fl-1e">
         <path>/Applications/ti/simplelink_cc32xx_sdk_6_10_00_05/source/ti/devices/cc32xx/driverlib/ccs/Release/</path>
         <kind>archive</kind>
         <file>driverlib.a</file>
         <name>pin.obj</name>
      </input_file>
      <input_file id="fl-1f">
         <path>/Applications/ti/simplelink_cc32xx_sdk_6_10_00_05/source/ti/devices/cc32xx/driverlib/ccs/Release/</path>
         <kind>archive</kind>
         <file>driverlib.a</file>
         <name>prcm.obj</name>
      </input_file>
      <input_file id="fl-20">
         <path>/Applications/ti/simplelink_cc32xx_sdk_6_10_00_05/source/ti/devices/cc32xx/driverlib/ccs/Release/</path>
         <kind>archive</kind>
         <file>driverlib.a</file>
         <name>timer.obj</name>
      </input_file>
      <input_file id="fl-21">
         <path>/Applications/ti/simplelink_cc32xx_sdk_6_10_00_05/source/ti/devices/cc32xx/driverlib/ccs/Release/</path>
         <kind>archive</kind>
         <file>driverlib.a</file>
         <name>utils.obj</name>
      </input_file>
      <input_file id="fl-22">
         <path>/Applications/ti/simplelink_cc32xx_sdk_6_10_00_05/source/ti/devices/cc32xx/driverlib/ccs/Release/</path>
         <kind>archive</kind>
         <file>driverlib.a</file>
         <name>flash.obj</name>
      </input_file>
      <input_file id="fl-d8">
         <path>/Applications/ti/ccs1260/ccs/tools/compiler/ti-cgt-arm_20.2.7.LTS/lib/</path>
         <kind>archive</kind>
         <file>rtsv7M4_T_le_eabi.lib</file>
         <name>ll_mul_t2.asm.obj</name>
      </input_file>
      <input_file id="fl-d9">
         <path>/Applications/ti/ccs1260/ccs/tools/compiler/ti-cgt-arm_20.2.7.LTS/lib/</path>
         <kind>archive</kind>
         <file>rtsv7M4_T_le_eabi.lib</file>
         <name>memcpy_t2.asm.obj</name>
      </input_file>
      <input_file id="fl-da">
         <path>/Applications/ti/ccs1260/ccs/tools/compiler/ti-cgt-arm_20.2.7.LTS/lib/</path>
         <kind>archive</kind>
         <file>rtsv7M4_T_le_eabi.lib</file>
         <name>ull_div_t2.asm.obj</name>
      </input_file>
      <input_file id="fl-db">
         <path>/Applications/ti/ccs1260/ccs/tools/compiler/ti-cgt-arm_20.2.7.LTS/lib/</path>
         <kind>archive</kind>
         <file>rtsv7M4_T_le_eabi.lib</file>
         <name>copy_zero_init.c.obj</name>
      </input_file>
      <input_file id="fl-dc">
         <path>/Applications/ti/ccs1260/ccs/tools/compiler/ti-cgt-arm_20.2.7.LTS/lib/</path>
         <kind>archive</kind>
         <file>rtsv7M4_T_le_eabi.lib</file>
         <name>copy_decompress_none.c.obj</name>
      </input_file>
      <input_file id="fl-dd">
         <path>/Applications/ti/ccs1260/ccs/tools/compiler/ti-cgt-arm_20.2.7.LTS/lib/</path>
         <kind>archive</kind>
         <file>rtsv7M4_T_le_eabi.lib</file>
         <name>copy_decompress_lzss.c.obj</name>
      </input_file>
      <input_file id="fl-de">
         <path>/Applications/ti/ccs1260/ccs/tools/compiler/ti-cgt-arm_20.2.7.LTS/lib/</path>
         <kind>archive</kind>
         <file>rtsv7M4_T_le_eabi.lib</file>
         <name>memory.c.obj</name>
      </input_file>
      <input_file id="fl-df">
         <path>/Applications/ti/ccs1260/ccs/tools/compiler/ti-cgt-arm_20.2.7.LTS/lib/</path>
         <kind>archive</kind>
         <file>rtsv7M4_T_le_eabi.lib</file>
         <name>boot_cortex_m.c.obj</name>
      </input_file>
      <input_file id="fl-e0">
         <path>/Applications/ti/ccs1260/ccs/tools/compiler/ti-cgt-arm_20.2.7.LTS/lib/</path>
         <kind>archive</kind>
         <file>rtsv7M4_T_le_eabi.lib</file>
         <name>div0.asm.obj</name>
      </input_file>
      <input_file id="fl-e1">
         <path>/Applications/ti/ccs1260/ccs/tools/compiler/ti-cgt-arm_20.2.7.LTS/lib/</path>
         <kind>archive</kind>
         <file>rtsv7M4_T_le_eabi.lib</file>
         <name>memset_t2.asm.obj</name>
      </input_file>
      <input_file id="fl-e2">
         <path>/Applications/ti/ccs1260/ccs/tools/compiler/ti-cgt-arm_20.2.7.LTS/lib/</path>
         <kind>archive</kind>
         <file>rtsv7M4_T_le_eabi.lib</file>
         <name>autoinit.c.obj</name>
      </input_file>
      <input_file id="fl-e3">
         <path>/Applications/ti/ccs1260/ccs/tools/compiler/ti-cgt-arm_20.2.7.LTS/lib/</path>
         <kind>archive</kind>
         <file>rtsv7M4_T_le_eabi.lib</file>
         <name>pre_init.c.obj</name>
      </input_file>
      <input_file id="fl-e4">
         <path>/Applications/ti/ccs1260/ccs/tools/compiler/ti-cgt-arm_20.2.7.LTS/lib/</path>
         <kind>archive</kind>
         <file>rtsv7M4_T_le_eabi.lib</file>
         <name>cpy_tbl.c.obj</name>
      </input_file>
      <input_file id="fl-e5">
         <path>/Applications/ti/ccs1260/ccs/tools/compiler/ti-cgt-arm_20.2.7.LTS/lib/</path>
         <kind>archive</kind>
         <file>rtsv7M4_T_le_eabi.lib</file>
         <name>exit.c.obj</name>
      </input_file>
      <input_file id="fl-e6">
         <path>/Applications/ti/ccs1260/ccs/tools/compiler/ti-cgt-arm_20.2.7.LTS/lib/</path>
         <kind>archive</kind>
         <file>rtsv7M4_T_le_eabi.lib</file>
         <name>_lock.c.obj</name>
      </input_file>
      <input_file id="fl-e7">
         <path>/Applications/ti/ccs1260/ccs/tools/compiler/ti-cgt-arm_20.2.7.LTS/lib/</path>
         <kind>archive</kind>
         <file>rtsv7M4_T_le_eabi.lib</file>
         <name>args_main.c.obj</name>
      </input_file>
   </input_file_list>
   <object_component_list>
      <object_component id="oc-1c5">
         <name>.text:PRCMCC3200MCUInit</name>
         <load_address>0x2000c040</load_address>
         <run_address>0x2000c040</run_address>
         <size>0x42c</size>
         <input_file_ref idref="fl-1f"/>
      </object_component>
      <object_component id="oc-347">
         <name>.text:PowerCC32XX_sleepPolicy</name>
         <load_address>0x2000c46c</load_address>
         <run_address>0x2000c46c</run_address>
         <size>0x1a0</size>
         <input_file_ref idref="fl-18"/>
      </object_component>
      <object_component id="oc-2c9">
         <name>.text:timerCallback</name>
         <load_address>0x2000c60c</load_address>
         <run_address>0x2000c60c</run_address>
         <size>0x190</size>
         <input_file_ref idref="fl-1"/>
      </object_component>
      <object_component id="oc-1e5">
         <name>.text:GPIO_setConfig</name>
         <load_address>0x2000c79c</load_address>
         <run_address>0x2000c79c</run_address>
         <size>0x154</size>
         <input_file_ref idref="fl-f"/>
      </object_component>
      <object_component id="oc-584">
         <name>.text:parkPins</name>
         <load_address>0x2000c8f0</load_address>
         <run_address>0x2000c8f0</run_address>
         <size>0x148</size>
         <input_file_ref idref="fl-10"/>
      </object_component>
      <object_component id="oc-470">
         <name>.text:Power_sleep</name>
         <load_address>0x2000ca38</load_address>
         <run_address>0x2000ca38</run_address>
         <size>0x138</size>
         <input_file_ref idref="fl-10"/>
      </object_component>
      <object_component id="oc-2bd">
         <name>.text:Timer_open</name>
         <load_address>0x2000cb70</load_address>
         <run_address>0x2000cb70</run_address>
         <size>0x138</size>
         <input_file_ref idref="fl-12"/>
      </object_component>
      <object_component id="oc-54c">
         <name>.text:aligned_alloc</name>
         <load_address>0x2000cca8</load_address>
         <run_address>0x2000cca8</run_address>
         <size>0x100</size>
         <input_file_ref idref="fl-de"/>
      </object_component>
      <object_component id="oc-365">
         <name>.text:free</name>
         <load_address>0x2000cda8</load_address>
         <run_address>0x2000cda8</run_address>
         <size>0xe4</size>
         <input_file_ref idref="fl-de"/>
      </object_component>
      <object_component id="oc-5a1">
         <name>.text:restoreParkedPins</name>
         <load_address>0x2000ce8c</load_address>
         <run_address>0x2000ce8c</run_address>
         <size>0xc0</size>
         <input_file_ref idref="fl-10"/>
      </object_component>
      <object_component id="oc-b5">
         <name>.text:IntEnable</name>
         <load_address>0x2000cf4c</load_address>
         <run_address>0x2000cf4c</run_address>
         <size>0xa8</size>
         <input_file_ref idref="fl-1d"/>
      </object_component>
      <object_component id="oc-265">
         <name>.text:PowerCC32XX_configureWakeup</name>
         <load_address>0x2000cff4</load_address>
         <run_address>0x2000cff4</run_address>
         <size>0xa8</size>
         <input_file_ref idref="fl-10"/>
      </object_component>
      <object_component id="oc-28a">
         <name>.text:SemaphoreP_pend</name>
         <load_address>0x2000d09c</load_address>
         <run_address>0x2000d09c</run_address>
         <size>0xa0</size>
         <input_file_ref idref="fl-15"/>
      </object_component>
      <object_component id="oc-3b">
         <name>.text</name>
         <load_address>0x2000d13c</load_address>
         <run_address>0x2000d13c</run_address>
         <size>0x9c</size>
         <input_file_ref idref="fl-d9"/>
      </object_component>
      <object_component id="oc-46b">
         <name>.text</name>
         <load_address>0x2000d1d8</load_address>
         <run_address>0x2000d1d8</run_address>
         <size>0x96</size>
         <input_file_ref idref="fl-da"/>
      </object_component>
      <object_component id="oc-1d7">
         <name>.text:Board_initHook</name>
         <load_address>0x2000d26e</load_address>
         <run_address>0x2000d26e</run_address>
         <size>0x2</size>
         <input_file_ref idref="fl-2"/>
      </object_component>
      <object_component id="oc-1d1">
         <name>.text:GPIO_init</name>
         <load_address>0x2000d270</load_address>
         <run_address>0x2000d270</run_address>
         <size>0x90</size>
         <input_file_ref idref="fl-f"/>
      </object_component>
      <object_component id="oc-595">
         <name>.text:restoreNVICRegs</name>
         <load_address>0x2000d300</load_address>
         <run_address>0x2000d300</run_address>
         <size>0x90</size>
         <input_file_ref idref="fl-10"/>
      </object_component>
      <object_component id="oc-40a">
         <name>.text:HwiP_construct</name>
         <load_address>0x2000d390</load_address>
         <run_address>0x2000d390</run_address>
         <size>0x8c</size>
         <input_file_ref idref="fl-17"/>
      </object_component>
      <object_component id="oc-659">
         <name>.text:IntPendSet</name>
         <load_address>0x2000d41c</load_address>
         <run_address>0x2000d41c</run_address>
         <size>0x88</size>
         <input_file_ref idref="fl-1d"/>
      </object_component>
      <object_component id="oc-2d0">
         <name>.text:PinConfigSet</name>
         <load_address>0x2000d4a4</load_address>
         <run_address>0x2000d4a4</run_address>
         <size>0x88</size>
         <input_file_ref idref="fl-1e"/>
      </object_component>
      <object_component id="oc-1cb">
         <name>.text:Power_init</name>
         <load_address>0x2000d52c</load_address>
         <run_address>0x2000d52c</run_address>
         <size>0x84</size>
         <input_file_ref idref="fl-10"/>
      </object_component>
      <object_component id="oc-58a">
         <name>.text:saveNVICRegs</name>
         <load_address>0x2000d5b0</load_address>
         <run_address>0x2000d5b0</run_address>
         <size>0x84</size>
         <input_file_ref idref="fl-10"/>
      </object_component>
      <object_component id="oc-1eb">
         <name>.text:GPIO_write</name>
         <load_address>0x2000d634</load_address>
         <run_address>0x2000d634</run_address>
         <size>0x80</size>
         <input_file_ref idref="fl-f"/>
      </object_component>
      <object_component id="oc-2d6">
         <name>.text:Power_setDependency</name>
         <load_address>0x2000d6b4</load_address>
         <run_address>0x2000d6b4</run_address>
         <size>0x80</size>
         <input_file_ref idref="fl-10"/>
      </object_component>
      <object_component id="oc-165">
         <name>.text:mainThread</name>
         <load_address>0x2000d734</load_address>
         <run_address>0x2000d734</run_address>
         <size>0x74</size>
         <input_file_ref idref="fl-1"/>
      </object_component>
      <object_component id="oc-2a9">
         <name>.text:powerNotifyFxn</name>
         <load_address>0x2000d7a8</load_address>
         <run_address>0x2000d7a8</run_address>
         <size>0x74</size>
         <input_file_ref idref="fl-f"/>
      </object_component>
      <object_component id="oc-601">
         <name>.text:split</name>
         <load_address>0x2000d81c</load_address>
         <run_address>0x2000d81c</run_address>
         <size>0x70</size>
         <input_file_ref idref="fl-de"/>
      </object_component>
      <object_component id="oc-14">
         <name>.text:decompress:lzss:__TI_decompress_lzss</name>
         <load_address>0x2000d88c</load_address>
         <run_address>0x2000d88c</run_address>
         <size>0x68</size>
         <input_file_ref idref="fl-dd"/>
      </object_component>
      <object_component id="oc-2e8">
         <name>.text:GPIO_setInterruptConfig</name>
         <load_address>0x2000d8f4</load_address>
         <run_address>0x2000d8f4</run_address>
         <size>0x64</size>
         <input_file_ref idref="fl-f"/>
      </object_component>
      <object_component id="oc-3b5">
         <name>.text:PowerCC32XX_setParkState</name>
         <load_address>0x2000d958</load_address>
         <run_address>0x2000d958</run_address>
         <size>0x64</size>
         <input_file_ref idref="fl-10"/>
      </object_component>
      <object_component id="oc-2f1">
         <name>.text:GPIO_hwiIntFxn</name>
         <load_address>0x2000d9bc</load_address>
         <run_address>0x2000d9bc</run_address>
         <size>0x60</size>
         <input_file_ref idref="fl-f"/>
      </object_component>
      <object_component id="oc-233">
         <name>.text:PRCMSysResetCauseGet</name>
         <load_address>0x2000da1c</load_address>
         <run_address>0x2000da1c</run_address>
         <size>0x60</size>
         <input_file_ref idref="fl-1f"/>
      </object_component>
      <object_component id="oc-619">
         <name>.text:sysTickInit</name>
         <load_address>0x2000da7c</load_address>
         <run_address>0x2000da7c</run_address>
         <size>0x5c</size>
         <input_file_ref idref="fl-16"/>
      </object_component>
      <object_component id="oc-24c">
         <name>.text:PRCMPeripheralReset</name>
         <load_address>0x2000dad8</load_address>
         <run_address>0x2000dad8</run_address>
         <size>0x58</size>
         <input_file_ref idref="fl-1f"/>
      </object_component>
      <object_component id="oc-5f0">
         <name>.text:Power_releaseDependency</name>
         <load_address>0x2000db30</load_address>
         <run_address>0x2000db30</run_address>
         <size>0x58</size>
         <input_file_ref idref="fl-10"/>
      </object_component>
      <object_component id="oc-636">
         <name>.text:PowerCC32XX_resumeLPDS</name>
         <load_address>0x2000db88</load_address>
         <run_address>0x2000db88</run_address>
         <size>0x52</size>
         <input_file_ref idref="fl-11"/>
      </object_component>
      <object_component id="oc-3df">
         <name>.text:initHw</name>
         <load_address>0x2000dbda</load_address>
         <run_address>0x2000dbda</run_address>
         <size>0x52</size>
         <input_file_ref idref="fl-12"/>
      </object_component>
      <object_component id="oc-79">
         <name>.text:ClockP_sysTickHandler</name>
         <load_address>0x2000dc2c</load_address>
         <run_address>0x2000dc2c</run_address>
         <size>0x50</size>
         <input_file_ref idref="fl-16"/>
      </object_component>
      <object_component id="oc-49e">
         <name>.text:SemaphoreP_construct</name>
         <load_address>0x2000dc7c</load_address>
         <run_address>0x2000dc7c</run_address>
         <size>0x50</size>
         <input_file_ref idref="fl-15"/>
      </object_component>
      <object_component id="oc-3c1">
         <name>.text:TimerCC32XX_allocateTimerResource</name>
         <load_address>0x2000dccc</load_address>
         <run_address>0x2000dccc</run_address>
         <size>0x50</size>
         <input_file_ref idref="fl-12"/>
      </object_component>
      <object_component id="oc-62d">
         <name>.text:PowerCC32XX_parkPin</name>
         <load_address>0x2000dd1c</load_address>
         <run_address>0x2000dd1c</run_address>
         <size>0x4c</size>
         <input_file_ref idref="fl-10"/>
      </object_component>
      <object_component id="oc-59b">
         <name>.text:restorePeriphClocks</name>
         <load_address>0x2000dd68</load_address>
         <run_address>0x2000dd68</run_address>
         <size>0x4c</size>
         <input_file_ref idref="fl-10"/>
      </object_component>
      <object_component id="oc-651">
         <name>.text:FlashDisable</name>
         <load_address>0x2000ddb4</load_address>
         <run_address>0x2000ddb4</run_address>
         <size>0x48</size>
         <input_file_ref idref="fl-22"/>
      </object_component>
      <object_component id="oc-411">
         <name>.text:GPIO_disableInt</name>
         <load_address>0x2000ddfc</load_address>
         <run_address>0x2000ddfc</run_address>
         <size>0x48</size>
         <input_file_ref idref="fl-f"/>
      </object_component>
      <object_component id="oc-1f7">
         <name>.text:GPIO_enableInt</name>
         <load_address>0x2000de44</load_address>
         <run_address>0x2000de44</run_address>
         <size>0x48</size>
         <input_file_ref idref="fl-f"/>
      </object_component>
      <object_component id="oc-5a7">
         <name>.text:PRCMLPDSEnter</name>
         <load_address>0x2000de8c</load_address>
         <run_address>0x2000de8c</run_address>
         <size>0x48</size>
         <input_file_ref idref="fl-1f"/>
      </object_component>
      <object_component id="oc-246">
         <name>.text:PRCMPeripheralClkEnable</name>
         <load_address>0x2000ded4</load_address>
         <run_address>0x2000ded4</run_address>
         <size>0x48</size>
         <input_file_ref idref="fl-1f"/>
      </object_component>
      <object_component id="oc-670">
         <name>.text:Power_releaseConstraint</name>
         <load_address>0x2000df1c</load_address>
         <run_address>0x2000df1c</run_address>
         <size>0x48</size>
         <input_file_ref idref="fl-10"/>
      </object_component>
      <object_component id="oc-3d9">
         <name>.text:getPrescaler</name>
         <load_address>0x2000df64</load_address>
         <run_address>0x2000df64</run_address>
         <size>0x46</size>
         <input_file_ref idref="fl-12"/>
      </object_component>
      <object_component id="oc-341">
         <name>.text:PowerCC32XX_initPolicy</name>
         <load_address>0x2000dfaa</load_address>
         <run_address>0x2000dfaa</run_address>
         <size>0x2</size>
         <input_file_ref idref="fl-18"/>
      </object_component>
      <object_component id="oc-4c6">
         <name>.text:ClockP_stop</name>
         <load_address>0x2000dfac</load_address>
         <run_address>0x2000dfac</run_address>
         <size>0x44</size>
         <input_file_ref idref="fl-16"/>
      </object_component>
      <object_component id="oc-63b">
         <name>.text:PRCMLPDSRestoreInfoSet</name>
         <load_address>0x2000dff0</load_address>
         <run_address>0x2000dff0</run_address>
         <size>0x44</size>
         <input_file_ref idref="fl-1f"/>
      </object_component>
      <object_component id="oc-590">
         <name>.text:PowerCC32XX_enterLPDS</name>
         <load_address>0x2000e034</load_address>
         <run_address>0x2000e034</run_address>
         <size>0x44</size>
         <input_file_ref idref="fl-11"/>
      </object_component>
      <object_component id="oc-296">
         <name>.text:SemaphoreP_post</name>
         <load_address>0x2000e078</load_address>
         <run_address>0x2000e078</run_address>
         <size>0x44</size>
         <input_file_ref idref="fl-15"/>
      </object_component>
      <object_component id="oc-487">
         <name>.text:SwiP_restore</name>
         <load_address>0x2000e0bc</load_address>
         <run_address>0x2000e0bc</run_address>
         <size>0x44</size>
         <input_file_ref idref="fl-1a"/>
      </object_component>
      <object_component id="oc-2c3">
         <name>.text:Timer_start</name>
         <load_address>0x2000e100</load_address>
         <run_address>0x2000e100</run_address>
         <size>0x44</size>
         <input_file_ref idref="fl-e"/>
      </object_component>
      <object_component id="oc-178">
         <name>.text:__TI_auto_init_nobinit_nopinit:__TI_auto_init_nobinit_nopinit</name>
         <load_address>0x2000e144</load_address>
         <run_address>0x2000e144</run_address>
         <size>0x44</size>
         <input_file_ref idref="fl-e2"/>
      </object_component>
      <object_component id="oc-25e">
         <name>.text:PinModeSet</name>
         <load_address>0x2000e188</load_address>
         <run_address>0x2000e188</run_address>
         <size>0x40</size>
         <input_file_ref idref="fl-1e"/>
      </object_component>
      <object_component id="oc-3f9">
         <name>.text:TimerSupport_timerEnable</name>
         <load_address>0x2000e1c8</load_address>
         <run_address>0x2000e1c8</run_address>
         <size>0x40</size>
         <input_file_ref idref="fl-12"/>
      </object_component>
      <object_component id="oc-3d3">
         <name>.text:Timer_close</name>
         <load_address>0x2000e208</load_address>
         <run_address>0x2000e208</run_address>
         <size>0x40</size>
         <input_file_ref idref="fl-12"/>
      </object_component>
      <object_component id="oc-1df">
         <name>.text:initTimer</name>
         <load_address>0x2000e248</load_address>
         <run_address>0x2000e248</run_address>
         <size>0x40</size>
         <input_file_ref idref="fl-1"/>
      </object_component>
      <object_component id="oc-384">
         <name>.text:ClockP_destruct</name>
         <load_address>0x2000e288</load_address>
         <run_address>0x2000e288</run_address>
         <size>0x3c</size>
         <input_file_ref idref="fl-16"/>
      </object_component>
      <object_component id="oc-53f">
         <name>.text:Power_setConstraint</name>
         <load_address>0x2000e2c4</load_address>
         <run_address>0x2000e2c4</run_address>
         <size>0x3c</size>
         <input_file_ref idref="fl-10"/>
      </object_component>
      <object_component id="oc-465">
         <name>.text:getCountsRTC</name>
         <load_address>0x2000e300</load_address>
         <run_address>0x2000e300</run_address>
         <size>0x3a</size>
         <input_file_ref idref="fl-18"/>
      </object_component>
      <object_component id="oc-500">
         <name>.text:SemaphoreP_destruct</name>
         <load_address>0x2000e33a</load_address>
         <run_address>0x2000e33a</run_address>
         <size>0x2</size>
         <input_file_ref idref="fl-15"/>
      </object_component>
      <object_component id="oc-5ad">
         <name>.text:PRCMLPDSEnterKeepDebugIf</name>
         <load_address>0x2000e33c</load_address>
         <run_address>0x2000e33c</run_address>
         <size>0x38</size>
         <input_file_ref idref="fl-1f"/>
      </object_component>
      <object_component id="oc-db">
         <name>.text:addToList</name>
         <load_address>0x2000e374</load_address>
         <run_address>0x2000e374</run_address>
         <size>0x38</size>
         <input_file_ref idref="fl-16"/>
      </object_component>
      <object_component id="oc-59">
         <name>.text:initVectors</name>
         <load_address>0x2000e3ac</load_address>
         <run_address>0x2000e3ac</run_address>
         <size>0x38</size>
         <input_file_ref idref="fl-19"/>
      </object_component>
      <object_component id="oc-57e">
         <name>.text:notify</name>
         <load_address>0x2000e3e4</load_address>
         <run_address>0x2000e3e4</run_address>
         <size>0x38</size>
         <input_file_ref idref="fl-10"/>
      </object_component>
      <object_component id="oc-520">
         <name>.text:TimerControlStall</name>
         <load_address>0x2000e41c</load_address>
         <run_address>0x2000e41c</run_address>
         <size>0x36</size>
         <input_file_ref idref="fl-20"/>
      </object_component>
      <object_component id="oc-4e8">
         <name>.text:Timer_stop</name>
         <load_address>0x2000e452</load_address>
         <run_address>0x2000e452</run_address>
         <size>0x36</size>
         <input_file_ref idref="fl-e"/>
      </object_component>
      <object_component id="oc-453">
         <name>.text:ClockP_getTicksUntilInterrupt</name>
         <load_address>0x2000e488</load_address>
         <run_address>0x2000e488</run_address>
         <size>0x34</size>
         <input_file_ref idref="fl-16"/>
      </object_component>
      <object_component id="oc-56f">
         <name>.text:ClockP_startup</name>
         <load_address>0x2000e4bc</load_address>
         <run_address>0x2000e4bc</run_address>
         <size>0x34</size>
         <input_file_ref idref="fl-16"/>
      </object_component>
      <object_component id="oc-258">
         <name>.text:PinModeGet</name>
         <load_address>0x2000e4f0</load_address>
         <run_address>0x2000e4f0</run_address>
         <size>0x34</size>
         <input_file_ref idref="fl-1e"/>
      </object_component>
      <object_component id="oc-506">
         <name>.text:TimerCC32XX_freeTimerResource</name>
         <load_address>0x2000e524</load_address>
         <run_address>0x2000e524</run_address>
         <size>0x34</size>
         <input_file_ref idref="fl-12"/>
      </object_component>
      <object_component id="oc-3f1">
         <name>.text:TimerCC32XX_hwiIntFunction</name>
         <load_address>0x2000e558</load_address>
         <run_address>0x2000e558</run_address>
         <size>0x34</size>
         <input_file_ref idref="fl-12"/>
      </object_component>
      <object_component id="oc-4dc">
         <name>.text:getPowerMgrId</name>
         <load_address>0x2000e58c</load_address>
         <run_address>0x2000e58c</run_address>
         <size>0x34</size>
         <input_file_ref idref="fl-12"/>
      </object_component>
      <object_component id="oc-372">
         <name>.text:ClockP_start</name>
         <load_address>0x2000e5c0</load_address>
         <run_address>0x2000e5c0</run_address>
         <size>0x30</size>
         <input_file_ref idref="fl-16"/>
      </object_component>
      <object_component id="oc-64a">
         <name>.text:PowerCC32XX_restoreParkedPin</name>
         <load_address>0x2000e5f0</load_address>
         <run_address>0x2000e5f0</run_address>
         <size>0x30</size>
         <input_file_ref idref="fl-10"/>
      </object_component>
      <object_component id="oc-2e2">
         <name>.text:HwiP_create</name>
         <load_address>0x2000e620</load_address>
         <run_address>0x2000e620</run_address>
         <size>0x2a</size>
         <input_file_ref idref="fl-17"/>
      </object_component>
      <object_component id="oc-51a">
         <name>.text:TimerLoadSet</name>
         <load_address>0x2000e64a</load_address>
         <run_address>0x2000e64a</run_address>
         <size>0x2a</size>
         <input_file_ref idref="fl-20"/>
      </object_component>
      <object_component id="oc-514">
         <name>.text:TimerPrescaleSet</name>
         <load_address>0x2000e674</load_address>
         <run_address>0x2000e674</run_address>
         <size>0x2a</size>
         <input_file_ref idref="fl-20"/>
      </object_component>
      <object_component id="oc-2b1">
         <name>.text:Timer_init</name>
         <load_address>0x2000e69e</load_address>
         <run_address>0x2000e69e</run_address>
         <size>0x2</size>
         <input_file_ref idref="fl-e"/>
      </object_component>
      <object_component id="oc-252">
         <name>.text:PRCMPeripheralClkDisable</name>
         <load_address>0x2000e6a0</load_address>
         <run_address>0x2000e6a0</run_address>
         <size>0x28</size>
         <input_file_ref idref="fl-1f"/>
      </object_component>
      <object_component id="oc-290">
         <name>.text:Power_registerNotify</name>
         <load_address>0x2000e6c8</load_address>
         <run_address>0x2000e6c8</run_address>
         <size>0x28</size>
         <input_file_ref idref="fl-10"/>
      </object_component>
      <object_component id="oc-4be">
         <name>.text:free_list_insert</name>
         <load_address>0x2000e6f0</load_address>
         <run_address>0x2000e6f0</run_address>
         <size>0x28</size>
         <input_file_ref idref="fl-de"/>
      </object_component>
      <object_component id="oc-394">
         <name>.text:List_put</name>
         <load_address>0x2000e718</load_address>
         <run_address>0x2000e718</run_address>
         <size>0x26</size>
         <input_file_ref idref="fl-13"/>
      </object_component>
      <object_component id="oc-5e0">
         <name>.text:List_remove</name>
         <load_address>0x2000e73e</load_address>
         <run_address>0x2000e73e</run_address>
         <size>0x26</size>
         <input_file_ref idref="fl-13"/>
      </object_component>
      <object_component id="oc-556">
         <name>.text:HwiP_dispatch</name>
         <load_address>0x2000e764</load_address>
         <run_address>0x2000e764</run_address>
         <size>0x24</size>
         <input_file_ref idref="fl-17"/>
      </object_component>
      <object_component id="oc-5d9">
         <name>.text:TimerSupport_timerDisable</name>
         <load_address>0x2000e788</load_address>
         <run_address>0x2000e788</run_address>
         <size>0x24</size>
         <input_file_ref idref="fl-12"/>
      </object_component>
      <object_component id="oc-c5">
         <name>.text:_c_int00_noargs:_c_int00_noargs</name>
         <load_address>0x2000e7ac</load_address>
         <run_address>0x2000e7ac</run_address>
         <size>0x24</size>
         <input_file_ref idref="fl-df"/>
      </object_component>
      <object_component id="oc-5e8">
         <name>.text:HwiP_destruct</name>
         <load_address>0x2000e7d0</load_address>
         <run_address>0x2000e7d0</run_address>
         <size>0x20</size>
         <input_file_ref idref="fl-17"/>
      </object_component>
      <object_component id="oc-4ee">
         <name>.text:Power_unregisterNotify</name>
         <load_address>0x2000e7f0</load_address>
         <run_address>0x2000e7f0</run_address>
         <size>0x20</size>
         <input_file_ref idref="fl-10"/>
      </object_component>
      <object_component id="oc-3c7">
         <name>.text:SemaphoreP_constructBinary</name>
         <load_address>0x2000e810</load_address>
         <run_address>0x2000e810</run_address>
         <size>0x1e</size>
         <input_file_ref idref="fl-15"/>
      </object_component>
      <object_component id="oc-50e">
         <name>.text:TimerDisable</name>
         <load_address>0x2000e82e</load_address>
         <run_address>0x2000e82e</run_address>
         <size>0x1e</size>
         <input_file_ref idref="fl-20"/>
      </object_component>
      <object_component id="oc-545">
         <name>.text:TimerEnable</name>
         <load_address>0x2000e84c</load_address>
         <run_address>0x2000e84c</run_address>
         <size>0x1e</size>
         <input_file_ref idref="fl-20"/>
      </object_component>
      <object_component id="oc-309">
         <name>.text:_nop</name>
         <load_address>0x2000e86a</load_address>
         <run_address>0x2000e86a</run_address>
         <size>0x2</size>
         <input_file_ref idref="fl-e6"/>
      </object_component>
      <object_component id="oc-1f1">
         <name>.text:GPIO_setCallback</name>
         <load_address>0x2000e86c</load_address>
         <run_address>0x2000e86c</run_address>
         <size>0x1c</size>
         <input_file_ref idref="fl-d"/>
      </object_component>
      <object_component id="oc-627">
         <name>.text:PinToPadGet</name>
         <load_address>0x2000e888</load_address>
         <run_address>0x2000e888</run_address>
         <size>0x1c</size>
         <input_file_ref idref="fl-1e"/>
      </object_component>
      <object_component id="oc-447">
         <name>.text:SwiP_disable</name>
         <load_address>0x2000e8a4</load_address>
         <run_address>0x2000e8a4</run_address>
         <size>0x1c</size>
         <input_file_ref idref="fl-1a"/>
      </object_component>
      <object_component id="oc-47">
         <name>.text:decompress:ZI:__TI_zero_init_nomemset:__TI_zero_init_nomemset</name>
         <load_address>0x2000e8c0</load_address>
         <run_address>0x2000e8c0</run_address>
         <size>0x1c</size>
         <input_file_ref idref="fl-db"/>
      </object_component>
      <object_component id="oc-4b8">
         <name>.text:free_list_remove</name>
         <load_address>0x2000e8dc</load_address>
         <run_address>0x2000e8dc</run_address>
         <size>0x1c</size>
         <input_file_ref idref="fl-de"/>
      </object_component>
      <object_component id="oc-200">
         <name>.text:gpioButtonFxn</name>
         <load_address>0x2000e8f8</load_address>
         <run_address>0x2000e8f8</run_address>
         <size>0x1c</size>
         <input_file_ref idref="fl-1"/>
      </object_component>
      <object_component id="oc-272">
         <name>.text:SemaphoreP_createBinary</name>
         <load_address>0x2000e914</load_address>
         <run_address>0x2000e914</run_address>
         <size>0x1a</size>
         <input_file_ref idref="fl-15"/>
      </object_component>
      <object_component id="oc-73">
         <name>.text:busFaultHandler</name>
         <load_address>0x2000e92e</load_address>
         <run_address>0x2000e92e</run_address>
         <size>0x2</size>
         <input_file_ref idref="fl-19"/>
      </object_component>
      <object_component id="oc-21">
         <name>.text:resetISR</name>
         <load_address>0x2000e930</load_address>
         <run_address>0x2000e930</run_address>
         <size>0x1a</size>
         <input_file_ref idref="fl-19"/>
      </object_component>
      <object_component id="oc-38a">
         <name>.text:clkFxn</name>
         <load_address>0x2000e94a</load_address>
         <run_address>0x2000e94a</run_address>
         <size>0x2</size>
         <input_file_ref idref="fl-15"/>
      </object_component>
      <object_component id="oc-459">
         <name>.text:Power_getTransitionLatency</name>
         <load_address>0x2000e94c</load_address>
         <run_address>0x2000e94c</run_address>
         <size>0x18</size>
         <input_file_ref idref="fl-10"/>
      </object_component>
      <object_component id="oc-5c1">
         <name>.text:Power_idleFunc</name>
         <load_address>0x2000e964</load_address>
         <run_address>0x2000e964</run_address>
         <size>0x18</size>
         <input_file_ref idref="fl-10"/>
      </object_component>
      <object_component id="oc-66a">
         <name>.text:TimerIntDisable</name>
         <load_address>0x2000e97c</load_address>
         <run_address>0x2000e97c</run_address>
         <size>0x18</size>
         <input_file_ref idref="fl-20"/>
      </object_component>
      <object_component id="oc-539">
         <name>.text:TimerIntEnable</name>
         <load_address>0x2000e994</load_address>
         <run_address>0x2000e994</run_address>
         <size>0x18</size>
         <input_file_ref idref="fl-20"/>
      </object_component>
      <object_component id="oc-476">
         <name>.text</name>
         <load_address>0x2000e9ac</load_address>
         <run_address>0x2000e9ac</run_address>
         <size>0x18</size>
         <input_file_ref idref="fl-d8"/>
      </object_component>
      <object_component id="oc-240">
         <name>.text:PRCMHIBRegRead</name>
         <load_address>0x2000e9c4</load_address>
         <run_address>0x2000e9c4</run_address>
         <size>0x16</size>
         <input_file_ref idref="fl-1f"/>
      </object_component>
      <object_component id="oc-23a">
         <name>.text:PRCMHIBRegWrite</name>
         <load_address>0x2000e9da</load_address>
         <run_address>0x2000e9da</run_address>
         <size>0x16</size>
         <input_file_ref idref="fl-1f"/>
      </object_component>
      <object_component id="oc-35a">
         <name>.text:SemaphoreP_create</name>
         <load_address>0x2000e9f0</load_address>
         <run_address>0x2000e9f0</run_address>
         <size>0x16</size>
         <input_file_ref idref="fl-15"/>
      </object_component>
      <object_component id="oc-159">
         <name>.text:Board_init</name>
         <load_address>0x2000ea06</load_address>
         <run_address>0x2000ea06</run_address>
         <size>0x14</size>
         <input_file_ref idref="fl-2"/>
      </object_component>
      <object_component id="oc-a3">
         <name>.text:CPUcpsid</name>
         <load_address>0x2000ea1a</load_address>
         <run_address>0x2000ea1a</run_address>
         <size>0x14</size>
         <input_file_ref idref="fl-1c"/>
      </object_component>
      <object_component id="oc-6d">
         <name>.text:defaultHandler</name>
         <load_address>0x2000ea2e</load_address>
         <run_address>0x2000ea2e</run_address>
         <size>0x2</size>
         <input_file_ref idref="fl-19"/>
      </object_component>
      <object_component id="oc-39b">
         <name>.text:HwiP_inISR</name>
         <load_address>0x2000ea30</load_address>
         <run_address>0x2000ea30</run_address>
         <size>0x14</size>
         <input_file_ref idref="fl-17"/>
      </object_component>
      <object_component id="oc-af">
         <name>.text:IntVTableBaseSet</name>
         <load_address>0x2000ea44</load_address>
         <run_address>0x2000ea44</run_address>
         <size>0x14</size>
         <input_file_ref idref="fl-1d"/>
      </object_component>
      <object_component id="oc-3a1">
         <name>.text:Power_disablePolicy</name>
         <load_address>0x2000ea58</load_address>
         <run_address>0x2000ea58</run_address>
         <size>0x14</size>
         <input_file_ref idref="fl-10"/>
      </object_component>
      <object_component id="oc-643">
         <name>.text:Power_getDependencyCount</name>
         <load_address>0x2000ea6c</load_address>
         <run_address>0x2000ea6c</run_address>
         <size>0x14</size>
         <input_file_ref idref="fl-10"/>
      </object_component>
      <object_component id="oc-2dc">
         <name>.text:HwiP_Params_init</name>
         <load_address>0x2000ea80</load_address>
         <run_address>0x2000ea80</run_address>
         <size>0x12</size>
         <input_file_ref idref="fl-17"/>
      </object_component>
      <object_component id="oc-530">
         <name>.text:TimerIntClear</name>
         <load_address>0x2000ea92</load_address>
         <run_address>0x2000ea92</run_address>
         <size>0x12</size>
         <input_file_ref idref="fl-20"/>
      </object_component>
      <object_component id="oc-11f">
         <name>.text:main</name>
         <load_address>0x2000eaa4</load_address>
         <run_address>0x2000eaa4</run_address>
         <size>0x12</size>
         <input_file_ref idref="fl-3"/>
      </object_component>
      <object_component id="oc-36c">
         <name>.text:ClockP_add</name>
         <load_address>0x2000eab6</load_address>
         <run_address>0x2000eab6</run_address>
         <size>0x10</size>
         <input_file_ref idref="fl-16"/>
      </object_component>
      <object_component id="oc-67">
         <name>.text:faultISR</name>
         <load_address>0x2000eac6</load_address>
         <run_address>0x2000eac6</run_address>
         <size>0x2</size>
         <input_file_ref idref="fl-19"/>
      </object_component>
      <object_component id="oc-3cd">
         <name>.text:ClockP_getCpuFreq</name>
         <load_address>0x2000eac8</load_address>
         <run_address>0x2000eac8</run_address>
         <size>0x10</size>
         <input_file_ref idref="fl-16"/>
      </object_component>
      <object_component id="oc-45f">
         <name>.text:ClockP_getSystemTicks</name>
         <load_address>0x2000ead8</load_address>
         <run_address>0x2000ead8</run_address>
         <size>0x10</size>
         <input_file_ref idref="fl-16"/>
      </object_component>
      <object_component id="oc-47b">
         <name>.text:ClockP_setTicks</name>
         <load_address>0x2000eae8</load_address>
         <run_address>0x2000eae8</run_address>
         <size>0x10</size>
         <input_file_ref idref="fl-16"/>
      </object_component>
      <object_component id="oc-4fa">
         <name>.text:HwiP_delete</name>
         <load_address>0x2000eaf8</load_address>
         <run_address>0x2000eaf8</run_address>
         <size>0x10</size>
         <input_file_ref idref="fl-17"/>
      </object_component>
      <object_component id="oc-27e">
         <name>.text:HwiP_restore</name>
         <load_address>0x2000eb08</load_address>
         <run_address>0x2000eb08</run_address>
         <size>0x10</size>
         <input_file_ref idref="fl-17"/>
      </object_component>
      <object_component id="oc-378">
         <name>.text:Power_enablePolicy</name>
         <load_address>0x2000eb18</load_address>
         <run_address>0x2000eb18</run_address>
         <size>0x10</size>
         <input_file_ref idref="fl-10"/>
      </object_component>
      <object_component id="oc-354">
         <name>.text:SemaphoreP_Params_init</name>
         <load_address>0x2000eb28</load_address>
         <run_address>0x2000eb28</run_address>
         <size>0x10</size>
         <input_file_ref idref="fl-15"/>
      </object_component>
      <object_component id="oc-2b7">
         <name>.text:Timer_Params_init</name>
         <load_address>0x2000eb38</load_address>
         <run_address>0x2000eb38</run_address>
         <size>0x10</size>
         <input_file_ref idref="fl-e"/>
      </object_component>
      <object_component id="oc-4f4">
         <name>.text:HwiP_clearInterrupt</name>
         <load_address>0x2000eb48</load_address>
         <run_address>0x2000eb48</run_address>
         <size>0xe</size>
         <input_file_ref idref="fl-17"/>
      </object_component>
      <object_component id="oc-278">
         <name>.text:HwiP_disable</name>
         <load_address>0x2000eb56</load_address>
         <run_address>0x2000eb56</run_address>
         <size>0xe</size>
         <input_file_ref idref="fl-17"/>
      </object_component>
      <object_component id="oc-15f">
         <name>.text:HwiP_enable</name>
         <load_address>0x2000eb64</load_address>
         <run_address>0x2000eb64</run_address>
         <size>0xe</size>
         <input_file_ref idref="fl-17"/>
      </object_component>
      <object_component id="oc-1a">
         <name>.text:decompress:none:__TI_decompress_none</name>
         <load_address>0x2000eb72</load_address>
         <run_address>0x2000eb72</run_address>
         <size>0xe</size>
         <input_file_ref idref="fl-dc"/>
      </object_component>
      <object_component id="oc-44d">
         <name>.text:Power_getConstraintMask</name>
         <load_address>0x2000eb80</load_address>
         <run_address>0x2000eb80</run_address>
         <size>0xc</size>
         <input_file_ref idref="fl-10"/>
      </object_component>
      <object_component id="oc-3eb">
         <name>.text:postNotifyFxn</name>
         <load_address>0x2000eb8c</load_address>
         <run_address>0x2000eb8c</run_address>
         <size>0xc</size>
         <input_file_ref idref="fl-12"/>
      </object_component>
      <object_component id="oc-37e">
         <name>.text:ClockP_isActive</name>
         <load_address>0x2000eb98</load_address>
         <run_address>0x2000eb98</run_address>
         <size>0xa</size>
         <input_file_ref idref="fl-16"/>
      </object_component>
      <object_component id="oc-53">
         <name>.text:IntMasterDisable</name>
         <load_address>0x2000eba2</load_address>
         <run_address>0x2000eba2</run_address>
         <size>0xa</size>
         <input_file_ref idref="fl-1d"/>
      </object_component>
      <object_component id="oc-404">
         <name>.text:malloc</name>
         <load_address>0x2000ebac</load_address>
         <run_address>0x2000ebac</run_address>
         <size>0x8</size>
         <input_file_ref idref="fl-de"/>
      </object_component>
      <object_component id="oc-239">
         <name>.text:UtilsDelay</name>
         <load_address>0x2000ebb4</load_address>
         <run_address>0x2000ebb4</run_address>
         <size>0x6</size>
         <input_file_ref idref="fl-21"/>
      </object_component>
      <object_component id="oc-481">
         <name>.text:ClockP_doTick</name>
         <load_address>0x2000ebba</load_address>
         <run_address>0x2000ebba</run_address>
         <size>0x4</size>
         <input_file_ref idref="fl-16"/>
      </object_component>
      <object_component id="oc-5b7">
         <name>.text:HwiP_post</name>
         <load_address>0x2000ebbe</load_address>
         <run_address>0x2000ebbe</run_address>
         <size>0x4</size>
         <input_file_ref idref="fl-17"/>
      </object_component>
      <object_component id="oc-284">
         <name>.text:SemaphoreP_delete</name>
         <load_address>0x2000ebc2</load_address>
         <run_address>0x2000ebc2</run_address>
         <size>0x4</size>
         <input_file_ref idref="fl-15"/>
      </object_component>
      <object_component id="oc-119">
         <name>.text:_system_pre_init</name>
         <load_address>0x2000ebc6</load_address>
         <run_address>0x2000ebc6</run_address>
         <size>0x4</size>
         <input_file_ref idref="fl-e3"/>
      </object_component>
      <object_component id="oc-16c">
         <name>.text:abort:abort</name>
         <load_address>0x2000ebca</load_address>
         <run_address>0x2000ebca</run_address>
         <size>0x4</size>
         <input_file_ref idref="fl-e5"/>
      </object_component>
      <object_component id="oc-61">
         <name>.text:nmiISR</name>
         <load_address>0x2000ebce</load_address>
         <run_address>0x2000ebce</run_address>
         <size>0x2</size>
         <input_file_ref idref="fl-19"/>
      </object_component>
      <object_component id="oc-578">
         <name>.text</name>
         <load_address>0x2000ebd0</load_address>
         <run_address>0x2000ebd0</run_address>
         <size>0x2</size>
         <input_file_ref idref="fl-e0"/>
      </object_component>
      <object_component id="oc-332">
         <name>.const:g_ulPinToPadMap</name>
         <load_address>0x2000f508</load_address>
         <run_address>0x2000f508</run_address>
         <size>0x100</size>
         <input_file_ref idref="fl-1e"/>
      </object_component>
      <object_component id="oc-32b">
         <name>.const:PRCM_PeriphRegsList</name>
         <load_address>0x2000f608</load_address>
         <run_address>0x2000f608</run_address>
         <size>0xa8</size>
         <input_file_ref idref="fl-1f"/>
      </object_component>
      <object_component id="oc-26e">
         <name>.const:PowerCC32XX_config</name>
         <load_address>0x2000f6b0</load_address>
         <run_address>0x2000f6b0</run_address>
         <size>0x44</size>
         <input_file_ref idref="fl-2"/>
      </object_component>
      <object_component id="oc-2f7">
         <name>.const:portConfigs</name>
         <load_address>0x2000f6f4</load_address>
         <run_address>0x2000f6f4</run_address>
         <size>0x28</size>
         <input_file_ref idref="fl-f"/>
      </object_component>
      <object_component id="oc-2ee">
         <name>.const:.string:pinTable</name>
         <load_address>0x2000f71c</load_address>
         <run_address>0x2000f71c</run_address>
         <size>0x21</size>
         <input_file_ref idref="fl-f"/>
      </object_component>
      <object_component id="oc-113">
         <name>.const:g_pulEnRegs</name>
         <load_address>0x2000f740</load_address>
         <run_address>0x2000f740</run_address>
         <size>0x18</size>
         <input_file_ref idref="fl-1d"/>
      </object_component>
      <object_component id="oc-685">
         <name>.const:g_pulPendRegs</name>
         <load_address>0x2000f758</load_address>
         <run_address>0x2000f758</run_address>
         <size>0x18</size>
         <input_file_ref idref="fl-1d"/>
      </object_component>
      <object_component id="oc-2a3">
         <name>.const:GPIO_config</name>
         <load_address>0x2000f770</load_address>
         <run_address>0x2000f770</run_address>
         <size>0x10</size>
         <input_file_ref idref="fl-2"/>
      </object_component>
      <object_component id="oc-52a">
         <name>.const:timerCC32XXHWAttrs</name>
         <load_address>0x2000f780</load_address>
         <run_address>0x2000f780</run_address>
         <size>0x10</size>
         <input_file_ref idref="fl-2"/>
      </object_component>
      <object_component id="oc-3bd">
         <name>.const:defaultParams</name>
         <load_address>0x2000f790</load_address>
         <run_address>0x2000f790</run_address>
         <size>0xc</size>
         <input_file_ref idref="fl-e"/>
      </object_component>
      <object_component id="oc-3e5">
         <name>.const:defaultParams</name>
         <load_address>0x2000f79c</load_address>
         <run_address>0x2000f79c</run_address>
         <size>0xc</size>
         <input_file_ref idref="fl-12"/>
      </object_component>
      <object_component id="oc-3e8">
         <name>.const:Timer_config</name>
         <load_address>0x2000f7a8</load_address>
         <run_address>0x2000f7a8</run_address>
         <size>0x8</size>
         <input_file_ref idref="fl-2"/>
      </object_component>
      <object_component id="oc-2a0">
         <name>.const</name>
         <load_address>0x2000f7b0</load_address>
         <run_address>0x2000f7b0</run_address>
         <size>0x8</size>
         <input_file_ref idref="fl-2"/>
      </object_component>
      <object_component id="oc-6bb">
         <name>.cinit..data.load</name>
         <load_address>0x2000f7b8</load_address>
         <run_address>0x2000f7b8</run_address>
         <size>0xcf</size>
      </object_component>
      <object_component id="oc-6b9">
         <name>__TI_handler_table</name>
         <load_address>0x2000f888</load_address>
         <run_address>0x2000f888</run_address>
         <size>0xc</size>
      </object_component>
      <object_component id="oc-6bc">
         <name>.cinit..bss.load</name>
         <load_address>0x2000f898</load_address>
         <run_address>0x2000f898</run_address>
         <size>0x8</size>
      </object_component>
      <object_component id="oc-6ba">
         <name>__TI_cinit_table</name>
         <load_address>0x2000f8a0</load_address>
         <run_address>0x2000f8a0</run_address>
         <size>0x10</size>
      </object_component>
      <object_component id="oc-3ac">
         <name>.data:gpioPinConfigs</name>
         <load_address>0x2000f144</load_address>
         <run_address>0x2000f144</run_address>
         <size>0x84</size>
         <input_file_ref idref="fl-2"/>
      </object_component>
      <object_component id="oc-34d">
         <name>.data:parkInfo</name>
         <load_address>0x2000f04c</load_address>
         <run_address>0x2000f04c</run_address>
         <size>0xf8</size>
         <input_file_ref idref="fl-2"/>
      </object_component>
      <object_component id="oc-29d">
         <name>.data</name>
         <load_address>0x2000f1f0</load_address>
         <run_address>0x2000f1f0</run_address>
         <size>0x2</size>
         <input_file_ref idref="fl-f"/>
      </object_component>
      <object_component id="oc-26b">
         <name>.data:PowerCC32XX_module</name>
         <load_address>0x2000eee0</load_address>
         <run_address>0x2000eee0</run_address>
         <size>0x16c</size>
         <input_file_ref idref="fl-10"/>
      </object_component>
      <object_component id="oc-390">
         <name>.data</name>
         <load_address>0x2000f1ed</load_address>
         <run_address>0x2000f1ed</run_address>
         <size>0x3</size>
         <input_file_ref idref="fl-15"/>
      </object_component>
      <object_component id="oc-49a">
         <name>.data:SemaphoreP_defaultParams</name>
         <load_address>0x2000f1d8</load_address>
         <run_address>0x2000f1d8</run_address>
         <size>0x8</size>
         <input_file_ref idref="fl-15"/>
      </object_component>
      <object_component id="oc-48d">
         <name>.data</name>
         <load_address>0x2000f1e8</load_address>
         <run_address>0x2000f1e8</run_address>
         <size>0x5</size>
         <input_file_ref idref="fl-16"/>
      </object_component>
      <object_component id="oc-553">
         <name>.data:HwiP_dispatchTable</name>
         <load_address>0x2000ebd4</load_address>
         <run_address>0x2000ebd4</run_address>
         <size>0x30c</size>
         <input_file_ref idref="fl-17"/>
      </object_component>
      <object_component id="oc-55c">
         <name>.data</name>
         <load_address>0x2000f1e0</load_address>
         <run_address>0x2000f1e0</run_address>
         <size>0x8</size>
         <input_file_ref idref="fl-17"/>
      </object_component>
      <object_component id="oc-5ca">
         <name>.data:$O1$$</name>
         <load_address>0x2000f1d0</load_address>
         <run_address>0x2000f1d0</run_address>
         <size>0x8</size>
         <input_file_ref idref="fl-de"/>
      </object_component>
      <object_component id="oc-20b">
         <name>.data:$O1$$</name>
         <load_address>0x2000f1c8</load_address>
         <run_address>0x2000f1c8</run_address>
         <size>0x8</size>
         <input_file_ref idref="fl-e6"/>
      </object_component>
      <object_component id="oc-1fd">
         <name>.bss:$O1$$</name>
         <uninitialized>true</uninitialized>
         <run_address>0x2000f4b0</run_address>
         <size>0x18</size>
         <input_file_ref idref="fl-1"/>
      </object_component>
      <object_component id="oc-2a6">
         <name>.bss:powerNotifyObj</name>
         <uninitialized>true</uninitialized>
         <run_address>0x2000f4c8</run_address>
         <size>0x14</size>
         <input_file_ref idref="fl-f"/>
      </object_component>
      <object_component id="oc-29c">
         <name>.bss</name>
         <uninitialized>true</uninitialized>
         <run_address>0x2000f4dc</run_address>
         <size>0x4</size>
         <input_file_ref idref="fl-f"/>
      </object_component>
      <object_component id="oc-4e2">
         <name>.bss:timerState</name>
         <uninitialized>true</uninitialized>
         <run_address>0x2000f504</run_address>
         <size>0x4</size>
         <input_file_ref idref="fl-12"/>
      </object_component>
      <object_component id="oc-61f">
         <name>.bss</name>
         <uninitialized>true</uninitialized>
         <run_address>0x2000f500</run_address>
         <size>0x4</size>
         <input_file_ref idref="fl-16"/>
      </object_component>
      <object_component id="oc-563">
         <name>.bss</name>
         <uninitialized>true</uninitialized>
         <run_address>0x2000f4f0</run_address>
         <size>0xd</size>
         <input_file_ref idref="fl-1a"/>
      </object_component>
      <object_component id="oc-3af">
         <name>.common:gpioCallbackFunctions</name>
         <uninitialized>true</uninitialized>
         <run_address>0x2000f324</run_address>
         <size>0x84</size>
      </object_component>
      <object_component id="oc-3b0">
         <name>.common:gpioUserArgs</name>
         <uninitialized>true</uninitialized>
         <run_address>0x2000f3a8</run_address>
         <size>0x84</size>
      </object_component>
      <object_component id="oc-529">
         <name>.common:timerCC32XXObjects</name>
         <uninitialized>true</uninitialized>
         <run_address>0x2000f42c</run_address>
         <size>0x84</size>
      </object_component>
      <object_component id="oc-634">
         <name>.common:PowerCC32XX_contextSave</name>
         <uninitialized>true</uninitialized>
         <run_address>0x2000f1f8</run_address>
         <size>0x12c</size>
      </object_component>
      <object_component id="oc-e1">
         <name>.common:ClockP_ctrl</name>
         <uninitialized>true</uninitialized>
         <run_address>0x2000f4e0</run_address>
         <size>0x10</size>
      </object_component>
      <object_component id="oc-2a">
         <name>.sysmem</name>
         <uninitialized>true</uninitialized>
         <run_address>0x20004040</run_address>
         <size>0x10</size>
         <input_file_ref idref="fl-de"/>
      </object_component>
      <object_component id="oc-6bf">
         <name>.sysmem</name>
         <uninitialized>true</uninitialized>
         <run_address>0x20004040</run_address>
         <size>0x0</size>
      </object_component>
      <object_component id="oc-2d">
         <name>.stack</name>
         <uninitialized>true</uninitialized>
         <run_address>0x20003000</run_address>
         <size>0x4</size>
         <input_file_ref idref="fl-df"/>
      </object_component>
      <object_component id="oc-6be">
         <name>.stack</name>
         <uninitialized>true</uninitialized>
         <run_address>0x20003000</run_address>
         <size>0x0</size>
      </object_component>
      <object_component id="oc-27">
         <name>.resetVecs:retain</name>
         <load_address>0x20004000</load_address>
         <run_address>0x20004000</run_address>
         <size>0x40</size>
         <input_file_ref idref="fl-19"/>
      </object_component>
      <object_component id="oc-bb">
         <name>.ramVecs</name>
         <uninitialized>true</uninitialized>
         <run_address>0x20000000</run_address>
         <size>0x30c</size>
         <input_file_ref idref="fl-19"/>
      </object_component>
      <object_component id="oc-152">
         <name>.debug_info</name>
         <load_address>0x0</load_address>
         <run_address>0x0</run_address>
         <size>0x460</size>
         <input_file_ref idref="fl-1"/>
      </object_component>
      <object_component id="oc-1fe">
         <name>.debug_info</name>
         <load_address>0x460</load_address>
         <run_address>0x460</run_address>
         <size>0x1b9</size>
         <input_file_ref idref="fl-1"/>
      </object_component>
      <object_component id="oc-2ca">
         <name>.debug_info</name>
         <load_address>0x619</load_address>
         <run_address>0x619</run_address>
         <size>0x1af</size>
         <input_file_ref idref="fl-1"/>
      </object_component>
      <object_component id="oc-1e0">
         <name>.debug_info</name>
         <load_address>0x7c8</load_address>
         <run_address>0x7c8</run_address>
         <size>0x1b8</size>
         <input_file_ref idref="fl-1"/>
      </object_component>
      <object_component id="oc-166">
         <name>.debug_info</name>
         <load_address>0x980</load_address>
         <run_address>0x980</run_address>
         <size>0x246</size>
         <input_file_ref idref="fl-1"/>
      </object_component>
      <object_component id="oc-201">
         <name>.debug_info</name>
         <load_address>0xbc6</load_address>
         <run_address>0xbc6</run_address>
         <size>0x159</size>
         <input_file_ref idref="fl-1"/>
      </object_component>
      <object_component id="oc-1ad">
         <name>.debug_info</name>
         <load_address>0xd1f</load_address>
         <run_address>0xd1f</run_address>
         <size>0x2a7</size>
         <input_file_ref idref="fl-1"/>
      </object_component>
      <object_component id="oc-139">
         <name>.debug_info</name>
         <load_address>0xfc6</load_address>
         <run_address>0xfc6</run_address>
         <size>0x100</size>
         <input_file_ref idref="fl-1"/>
      </object_component>
      <object_component id="oc-22e">
         <name>.debug_info</name>
         <load_address>0x10c6</load_address>
         <run_address>0x10c6</run_address>
         <size>0xf8</size>
         <input_file_ref idref="fl-1"/>
      </object_component>
      <object_component id="oc-e7">
         <name>.debug_info</name>
         <load_address>0x11be</load_address>
         <run_address>0x11be</run_address>
         <size>0x26b</size>
         <input_file_ref idref="fl-1"/>
      </object_component>
      <object_component id="oc-1bc">
         <name>.debug_info</name>
         <load_address>0x1429</load_address>
         <run_address>0x1429</run_address>
         <size>0xa8</size>
         <input_file_ref idref="fl-1"/>
      </object_component>
      <object_component id="oc-1b2">
         <name>.debug_info</name>
         <load_address>0x14d1</load_address>
         <run_address>0x14d1</run_address>
         <size>0xa1</size>
         <input_file_ref idref="fl-1"/>
      </object_component>
      <object_component id="oc-229">
         <name>.debug_info</name>
         <load_address>0x1572</load_address>
         <run_address>0x1572</run_address>
         <size>0xb6</size>
         <input_file_ref idref="fl-1"/>
      </object_component>
      <object_component id="oc-301">
         <name>.debug_info</name>
         <load_address>0x1628</load_address>
         <run_address>0x1628</run_address>
         <size>0x133</size>
         <input_file_ref idref="fl-1"/>
      </object_component>
      <object_component id="oc-10d">
         <name>.debug_info</name>
         <load_address>0x175b</load_address>
         <run_address>0x175b</run_address>
         <size>0x8b</size>
         <input_file_ref idref="fl-1"/>
      </object_component>
      <object_component id="oc-14d">
         <name>.debug_info</name>
         <load_address>0x17e6</load_address>
         <run_address>0x17e6</run_address>
         <size>0x2a4</size>
         <input_file_ref idref="fl-1"/>
      </object_component>
      <object_component id="oc-1b7">
         <name>.debug_info</name>
         <load_address>0x1a8a</load_address>
         <run_address>0x1a8a</run_address>
         <size>0xef</size>
         <input_file_ref idref="fl-1"/>
      </object_component>
      <object_component id="oc-134">
         <name>.debug_info</name>
         <load_address>0x1b79</load_address>
         <run_address>0x1b79</run_address>
         <size>0xbb</size>
         <input_file_ref idref="fl-1"/>
      </object_component>
      <object_component id="oc-aa">
         <name>.debug_info</name>
         <load_address>0x1c34</load_address>
         <run_address>0x1c34</run_address>
         <size>0x2c</size>
         <input_file_ref idref="fl-1"/>
      </object_component>
      <object_component id="oc-662">
         <name>.debug_info</name>
         <load_address>0x1c60</load_address>
         <run_address>0x1c60</run_address>
         <size>0x53</size>
         <input_file_ref idref="fl-1"/>
      </object_component>
      <object_component id="oc-352">
         <name>.debug_info</name>
         <load_address>0x1cb3</load_address>
         <run_address>0x1cb3</run_address>
         <size>0x470</size>
         <input_file_ref idref="fl-2"/>
      </object_component>
      <object_component id="oc-2a1">
         <name>.debug_info</name>
         <load_address>0x2123</load_address>
         <run_address>0x2123</run_address>
         <size>0x2b9</size>
         <input_file_ref idref="fl-2"/>
      </object_component>
      <object_component id="oc-3ad">
         <name>.debug_info</name>
         <load_address>0x23dc</load_address>
         <run_address>0x23dc</run_address>
         <size>0x114</size>
         <input_file_ref idref="fl-2"/>
      </object_component>
      <object_component id="oc-2a4">
         <name>.debug_info</name>
         <load_address>0x24f0</load_address>
         <run_address>0x24f0</run_address>
         <size>0x10e</size>
         <input_file_ref idref="fl-2"/>
      </object_component>
      <object_component id="oc-26f">
         <name>.debug_info</name>
         <load_address>0x25fe</load_address>
         <run_address>0x25fe</run_address>
         <size>0x11c</size>
         <input_file_ref idref="fl-2"/>
      </object_component>
      <object_component id="oc-52b">
         <name>.debug_info</name>
         <load_address>0x271a</load_address>
         <run_address>0x271a</run_address>
         <size>0x11c</size>
         <input_file_ref idref="fl-2"/>
      </object_component>
      <object_component id="oc-3e9">
         <name>.debug_info</name>
         <load_address>0x2836</load_address>
         <run_address>0x2836</run_address>
         <size>0x110</size>
         <input_file_ref idref="fl-2"/>
      </object_component>
      <object_component id="oc-34e">
         <name>.debug_info</name>
         <load_address>0x2946</load_address>
         <run_address>0x2946</run_address>
         <size>0x108</size>
         <input_file_ref idref="fl-2"/>
      </object_component>
      <object_component id="oc-1da">
         <name>.debug_info</name>
         <load_address>0x2a4e</load_address>
         <run_address>0x2a4e</run_address>
         <size>0x160</size>
         <input_file_ref idref="fl-2"/>
      </object_component>
      <object_component id="oc-15c">
         <name>.debug_info</name>
         <load_address>0x2bae</load_address>
         <run_address>0x2bae</run_address>
         <size>0x1a6</size>
         <input_file_ref idref="fl-2"/>
      </object_component>
      <object_component id="oc-495">
         <name>.debug_info</name>
         <load_address>0x2d54</load_address>
         <run_address>0x2d54</run_address>
         <size>0x198</size>
         <input_file_ref idref="fl-2"/>
      </object_component>
      <object_component id="oc-33c">
         <name>.debug_info</name>
         <load_address>0x2eec</load_address>
         <run_address>0x2eec</run_address>
         <size>0x878</size>
         <input_file_ref idref="fl-2"/>
      </object_component>
      <object_component id="oc-437">
         <name>.debug_info</name>
         <load_address>0x3764</load_address>
         <run_address>0x3764</run_address>
         <size>0x62</size>
         <input_file_ref idref="fl-2"/>
      </object_component>
      <object_component id="oc-120">
         <name>.debug_info</name>
         <load_address>0x37c6</load_address>
         <run_address>0x37c6</run_address>
         <size>0x161</size>
         <input_file_ref idref="fl-3"/>
      </object_component>
      <object_component id="oc-36">
         <name>.debug_info</name>
         <load_address>0x3927</load_address>
         <run_address>0x3927</run_address>
         <size>0x84</size>
         <input_file_ref idref="fl-3"/>
      </object_component>
      <object_component id="oc-154">
         <name>.debug_info</name>
         <load_address>0x39ab</load_address>
         <run_address>0x39ab</run_address>
         <size>0x18a</size>
         <input_file_ref idref="fl-d"/>
      </object_component>
      <object_component id="oc-1f2">
         <name>.debug_info</name>
         <load_address>0x3b35</load_address>
         <run_address>0x3b35</run_address>
         <size>0x15e</size>
         <input_file_ref idref="fl-d"/>
      </object_component>
      <object_component id="oc-104">
         <name>.debug_info</name>
         <load_address>0x3c93</load_address>
         <run_address>0x3c93</run_address>
         <size>0x2c</size>
         <input_file_ref idref="fl-d"/>
      </object_component>
      <object_component id="oc-ec">
         <name>.debug_info</name>
         <load_address>0x3cbf</load_address>
         <run_address>0x3cbf</run_address>
         <size>0x35</size>
         <input_file_ref idref="fl-d"/>
      </object_component>
      <object_component id="oc-1aa">
         <name>.debug_info</name>
         <load_address>0x3cf4</load_address>
         <run_address>0x3cf4</run_address>
         <size>0x400</size>
         <input_file_ref idref="fl-e"/>
      </object_component>
      <object_component id="oc-3be">
         <name>.debug_info</name>
         <load_address>0x40f4</load_address>
         <run_address>0x40f4</run_address>
         <size>0xdc</size>
         <input_file_ref idref="fl-e"/>
      </object_component>
      <object_component id="oc-4ec">
         <name>.debug_info</name>
         <load_address>0x41d0</load_address>
         <run_address>0x41d0</run_address>
         <size>0x1b8</size>
         <input_file_ref idref="fl-e"/>
      </object_component>
      <object_component id="oc-2c7">
         <name>.debug_info</name>
         <load_address>0x4388</load_address>
         <run_address>0x4388</run_address>
         <size>0x1c5</size>
         <input_file_ref idref="fl-e"/>
      </object_component>
      <object_component id="oc-2b5">
         <name>.debug_info</name>
         <load_address>0x454d</load_address>
         <run_address>0x454d</run_address>
         <size>0xfd</size>
         <input_file_ref idref="fl-e"/>
      </object_component>
      <object_component id="oc-2bb">
         <name>.debug_info</name>
         <load_address>0x464a</load_address>
         <run_address>0x464a</run_address>
         <size>0x120</size>
         <input_file_ref idref="fl-e"/>
      </object_component>
      <object_component id="oc-143">
         <name>.debug_info</name>
         <load_address>0x476a</load_address>
         <run_address>0x476a</run_address>
         <size>0x137</size>
         <input_file_ref idref="fl-e"/>
      </object_component>
      <object_component id="oc-13e">
         <name>.debug_info</name>
         <load_address>0x48a1</load_address>
         <run_address>0x48a1</run_address>
         <size>0x110</size>
         <input_file_ref idref="fl-e"/>
      </object_component>
      <object_component id="oc-2fb">
         <name>.debug_info</name>
         <load_address>0x49b1</load_address>
         <run_address>0x49b1</run_address>
         <size>0x5a8</size>
         <input_file_ref idref="fl-f"/>
      </object_component>
      <object_component id="oc-2ef">
         <name>.debug_info</name>
         <load_address>0x4f59</load_address>
         <run_address>0x4f59</run_address>
         <size>0xdc</size>
         <input_file_ref idref="fl-f"/>
      </object_component>
      <object_component id="oc-2f8">
         <name>.debug_info</name>
         <load_address>0x5035</load_address>
         <run_address>0x5035</run_address>
         <size>0xe2</size>
         <input_file_ref idref="fl-f"/>
      </object_component>
      <object_component id="oc-29e">
         <name>.debug_info</name>
         <load_address>0x5117</load_address>
         <run_address>0x5117</run_address>
         <size>0x11a</size>
         <input_file_ref idref="fl-f"/>
      </object_component>
      <object_component id="oc-2a7">
         <name>.debug_info</name>
         <load_address>0x5231</load_address>
         <run_address>0x5231</run_address>
         <size>0xe8</size>
         <input_file_ref idref="fl-f"/>
      </object_component>
      <object_component id="oc-2f4">
         <name>.debug_info</name>
         <load_address>0x5319</load_address>
         <run_address>0x5319</run_address>
         <size>0x1a4</size>
         <input_file_ref idref="fl-f"/>
      </object_component>
      <object_component id="oc-414">
         <name>.debug_info</name>
         <load_address>0x54bd</load_address>
         <run_address>0x54bd</run_address>
         <size>0x187</size>
         <input_file_ref idref="fl-f"/>
      </object_component>
      <object_component id="oc-1fa">
         <name>.debug_info</name>
         <load_address>0x5644</load_address>
         <run_address>0x5644</run_address>
         <size>0x185</size>
         <input_file_ref idref="fl-f"/>
      </object_component>
      <object_component id="oc-2e9">
         <name>.debug_info</name>
         <load_address>0x57c9</load_address>
         <run_address>0x57c9</run_address>
         <size>0x1f1</size>
         <input_file_ref idref="fl-f"/>
      </object_component>
      <object_component id="oc-1e6">
         <name>.debug_info</name>
         <load_address>0x59ba</load_address>
         <run_address>0x59ba</run_address>
         <size>0x372</size>
         <input_file_ref idref="fl-f"/>
      </object_component>
      <object_component id="oc-2aa">
         <name>.debug_info</name>
         <load_address>0x5d2c</load_address>
         <run_address>0x5d2c</run_address>
         <size>0x1dd</size>
         <input_file_ref idref="fl-f"/>
      </object_component>
      <object_component id="oc-1ec">
         <name>.debug_info</name>
         <load_address>0x5f09</load_address>
         <run_address>0x5f09</run_address>
         <size>0x1de</size>
         <input_file_ref idref="fl-f"/>
      </object_component>
      <object_component id="oc-1d2">
         <name>.debug_info</name>
         <load_address>0x60e7</load_address>
         <run_address>0x60e7</run_address>
         <size>0x21c</size>
         <input_file_ref idref="fl-f"/>
      </object_component>
      <object_component id="oc-41f">
         <name>.debug_info</name>
         <load_address>0x6303</load_address>
         <run_address>0x6303</run_address>
         <size>0x72</size>
         <input_file_ref idref="fl-f"/>
      </object_component>
      <object_component id="oc-338">
         <name>.debug_info</name>
         <load_address>0x6375</load_address>
         <run_address>0x6375</run_address>
         <size>0x5aa</size>
         <input_file_ref idref="fl-10"/>
      </object_component>
      <object_component id="oc-26c">
         <name>.debug_info</name>
         <load_address>0x691f</load_address>
         <run_address>0x691f</run_address>
         <size>0xf3</size>
         <input_file_ref idref="fl-10"/>
      </object_component>
      <object_component id="oc-4ef">
         <name>.debug_info</name>
         <load_address>0x6a12</load_address>
[...]
         <name>Power_getDependencyCount</name>
         <value>0x2000ea6d</value>
         <object_component_ref idref="oc-643"/>
      </symbol>
      <symbol id="sm-3f2">
         <name>Power_enablePolicy</name>
         <value>0x2000eb19</value>
         <object_component_ref idref="oc-378"/>
      </symbol>
      <symbol id="sm-3f3">
         <name>Power_setConstraint</name>
         <value>0x2000e2c5</value>
         <object_component_ref idref="oc-53f"/>
      </symbol>
      <symbol id="sm-3f4">
         <name>PowerCC32XX_parkPin</name>
         <value>0x2000dd1d</value>
         <object_component_ref idref="oc-62d"/>
      </symbol>
      <symbol id="sm-3f5">
         <name>PowerCC32XX_module</name>
         <value>0x2000eee0</value>
         <object_component_ref idref="oc-26b"/>
      </symbol>
      <symbol id="sm-3f6">
         <name>Power_getTransitionLatency</name>
         <value>0x2000e94d</value>
         <object_component_ref idref="oc-459"/>
      </symbol>
      <symbol id="sm-3f7">
         <name>Power_setDependency</name>
         <value>0x2000d6b5</value>
         <object_component_ref idref="oc-2d6"/>
      </symbol>
      <symbol id="sm-408">
         <name>PowerCC32XX_enterLPDS</name>
         <value>0x2000e035</value>
         <object_component_ref idref="oc-590"/>
      </symbol>
      <symbol id="sm-409">
         <name>PowerCC32XX_resumeLPDS</name>
         <value>0x2000db89</value>
         <object_component_ref idref="oc-636"/>
      </symbol>
      <symbol id="sm-4aa">
         <name>Timer_open</name>
         <value>0x2000cb71</value>
         <object_component_ref idref="oc-2bd"/>
      </symbol>
      <symbol id="sm-4ab">
         <name>TimerCC32XX_freeTimerResource</name>
         <value>0x2000e525</value>
         <object_component_ref idref="oc-506"/>
      </symbol>
      <symbol id="sm-4ac">
         <name>TimerSupport_timerDisable</name>
         <value>0x2000e789</value>
         <object_component_ref idref="oc-5d9"/>
      </symbol>
      <symbol id="sm-4ad">
         <name>Timer_close</name>
         <value>0x2000e209</value>
         <object_component_ref idref="oc-3d3"/>
      </symbol>
      <symbol id="sm-4ae">
         <name>TimerSupport_timerEnable</name>
         <value>0x2000e1c9</value>
         <object_component_ref idref="oc-3f9"/>
      </symbol>
      <symbol id="sm-4af">
         <name>TimerCC32XX_allocateTimerResource</name>
         <value>0x2000dccd</value>
         <object_component_ref idref="oc-3c1"/>
      </symbol>
      <symbol id="sm-4c7">
         <name>List_remove</name>
         <value>0x2000e73f</value>
         <object_component_ref idref="oc-5e0"/>
      </symbol>
      <symbol id="sm-4c8">
         <name>List_put</name>
         <value>0x2000e719</value>
         <object_component_ref idref="oc-394"/>
      </symbol>
      <symbol id="sm-553">
         <name>SemaphoreP_defaultParams</name>
         <value>0x2000f1d8</value>
         <object_component_ref idref="oc-49a"/>
      </symbol>
      <symbol id="sm-554">
         <name>SemaphoreP_construct</name>
         <value>0x2000dc7d</value>
         <object_component_ref idref="oc-49e"/>
      </symbol>
      <symbol id="sm-555">
         <name>SemaphoreP_create</name>
         <value>0x2000e9f1</value>
         <object_component_ref idref="oc-35a"/>
      </symbol>
      <symbol id="sm-556">
         <name>SemaphoreP_destruct</name>
         <value>0x2000e33b</value>
         <object_component_ref idref="oc-500"/>
      </symbol>
      <symbol id="sm-557">
         <name>SemaphoreP_post</name>
         <value>0x2000e079</value>
         <object_component_ref idref="oc-296"/>
      </symbol>
      <symbol id="sm-558">
         <name>SemaphoreP_pend</name>
         <value>0x2000d09d</value>
         <object_component_ref idref="oc-28a"/>
      </symbol>
      <symbol id="sm-559">
         <name>SemaphoreP_delete</name>
         <value>0x2000ebc3</value>
         <object_component_ref idref="oc-284"/>
      </symbol>
      <symbol id="sm-55a">
         <name>SemaphoreP_createBinary</name>
         <value>0x2000e915</value>
         <object_component_ref idref="oc-272"/>
      </symbol>
      <symbol id="sm-55b">
         <name>SemaphoreP_constructBinary</name>
         <value>0x2000e811</value>
         <object_component_ref idref="oc-3c7"/>
      </symbol>
      <symbol id="sm-55c">
         <name>SemaphoreP_Params_init</name>
         <value>0x2000eb29</value>
         <object_component_ref idref="oc-354"/>
      </symbol>
      <symbol id="sm-55d">
         <name>clkFxn</name>
         <value>0x2000e94b</value>
         <object_component_ref idref="oc-38a"/>
      </symbol>
      <symbol id="sm-620">
         <name>ClockP_ctrl</name>
         <value>0x2000f4e0</value>
      </symbol>
      <symbol id="sm-621">
         <name>ClockP_doTick</name>
         <value>0x2000ebbb</value>
         <object_component_ref idref="oc-481"/>
      </symbol>
      <symbol id="sm-622">
         <name>ClockP_startup</name>
         <value>0x2000e4bd</value>
         <object_component_ref idref="oc-56f"/>
      </symbol>
      <symbol id="sm-623">
         <name>ClockP_stop</name>
         <value>0x2000dfad</value>
         <object_component_ref idref="oc-4c6"/>
      </symbol>
      <symbol id="sm-624">
         <name>ClockP_getTicksUntilInterrupt</name>
         <value>0x2000e489</value>
         <object_component_ref idref="oc-453"/>
      </symbol>
      <symbol id="sm-625">
         <name>ClockP_setTicks</name>
         <value>0x2000eae9</value>
         <object_component_ref idref="oc-47b"/>
      </symbol>
      <symbol id="sm-626">
         <name>ClockP_tickPeriod</name>
         <value>0x2000f1e8</value>
         <object_component_ref idref="oc-48d"/>
      </symbol>
      <symbol id="sm-627">
         <name>ClockP_getSystemTicks</name>
         <value>0x2000ead9</value>
         <object_component_ref idref="oc-45f"/>
      </symbol>
      <symbol id="sm-628">
         <name>ClockP_destruct</name>
         <value>0x2000e289</value>
         <object_component_ref idref="oc-384"/>
      </symbol>
      <symbol id="sm-629">
         <name>ClockP_start</name>
         <value>0x2000e5c1</value>
         <object_component_ref idref="oc-372"/>
      </symbol>
      <symbol id="sm-62a">
         <name>ClockP_sysTickHandler</name>
         <value>0x2000dc2d</value>
         <object_component_ref idref="oc-79"/>
      </symbol>
      <symbol id="sm-62b">
         <name>ClockP_isActive</name>
         <value>0x2000eb99</value>
         <object_component_ref idref="oc-37e"/>
      </symbol>
      <symbol id="sm-62c">
         <name>ClockP_getCpuFreq</name>
         <value>0x2000eac9</value>
         <object_component_ref idref="oc-3cd"/>
      </symbol>
      <symbol id="sm-62d">
         <name>ClockP_add</name>
         <value>0x2000eab7</value>
         <object_component_ref idref="oc-36c"/>
      </symbol>
      <symbol id="sm-6b6">
         <name>HwiP_delete</name>
         <value>0x2000eaf9</value>
         <object_component_ref idref="oc-4fa"/>
      </symbol>
      <symbol id="sm-6b7">
         <name>HwiP_construct</name>
         <value>0x2000d391</value>
         <object_component_ref idref="oc-40a"/>
      </symbol>
      <symbol id="sm-6b8">
         <name>HwiP_inISR</name>
         <value>0x2000ea31</value>
         <object_component_ref idref="oc-39b"/>
      </symbol>
      <symbol id="sm-6b9">
         <name>HwiP_dispatch</name>
         <value>0x2000e765</value>
         <object_component_ref idref="oc-556"/>
      </symbol>
      <symbol id="sm-6ba">
         <name>HwiP_destruct</name>
         <value>0x2000e7d1</value>
         <object_component_ref idref="oc-5e8"/>
      </symbol>
      <symbol id="sm-6bb">
         <name>HwiP_clearInterrupt</name>
         <value>0x2000eb49</value>
         <object_component_ref idref="oc-4f4"/>
      </symbol>
      <symbol id="sm-6bc">
         <name>HwiP_swiPIntNum</name>
         <value>0x2000f1e4</value>
         <object_component_ref idref="oc-55c"/>
      </symbol>
      <symbol id="sm-6bd">
         <name>HwiP_Params_init</name>
         <value>0x2000ea81</value>
         <object_component_ref idref="oc-2dc"/>
      </symbol>
      <symbol id="sm-6be">
         <name>HwiP_disable</name>
         <value>0x2000eb57</value>
         <object_component_ref idref="oc-278"/>
      </symbol>
      <symbol id="sm-6bf">
         <name>HwiP_key</name>
         <value>0x2000f1e0</value>
         <object_component_ref idref="oc-55c"/>
      </symbol>
      <symbol id="sm-6c0">
         <name>HwiP_create</name>
         <value>0x2000e621</value>
         <object_component_ref idref="oc-2e2"/>
      </symbol>
      <symbol id="sm-6c1">
         <name>HwiP_post</name>
         <value>0x2000ebbf</value>
         <object_component_ref idref="oc-5b7"/>
      </symbol>
      <symbol id="sm-6c2">
         <name>HwiP_enable</name>
         <value>0x2000eb65</value>
         <object_component_ref idref="oc-15f"/>
      </symbol>
      <symbol id="sm-6c3">
         <name>HwiP_restore</name>
         <value>0x2000eb09</value>
         <object_component_ref idref="oc-27e"/>
      </symbol>
      <symbol id="sm-6f3">
         <name>PowerCC32XX_initPolicy</name>
         <value>0x2000dfab</value>
         <object_component_ref idref="oc-341"/>
      </symbol>
      <symbol id="sm-6f4">
         <name>PowerCC32XX_sleepPolicy</name>
         <value>0x2000c46d</value>
         <object_component_ref idref="oc-347"/>
      </symbol>
      <symbol id="sm-744">
         <name>resetISR</name>
         <value>0x2000e931</value>
         <object_component_ref idref="oc-21"/>
      </symbol>
      <symbol id="sm-745">
         <name>resetVectorAddr</name>
         <value>0x2000e944</value>
         <object_component_ref idref="oc-21"/>
      </symbol>
      <symbol id="sm-746">
         <name>initVectors</name>
         <value>0x2000e3ad</value>
         <object_component_ref idref="oc-59"/>
      </symbol>
      <symbol id="sm-747">
         <name>resetVectors</name>
         <value>0x20004000</value>
         <object_component_ref idref="oc-27"/>
      </symbol>
      <symbol id="sm-777">
         <name>SwiP_disable</name>
         <value>0x2000e8a5</value>
         <object_component_ref idref="oc-447"/>
      </symbol>
      <symbol id="sm-778">
         <name>SwiP_restore</name>
         <value>0x2000e0bd</value>
         <object_component_ref idref="oc-487"/>
      </symbol>
      <symbol id="sm-783">
         <name>CPUcpsid</name>
         <value>0x2000ea1b</value>
         <object_component_ref idref="oc-a3"/>
      </symbol>
      <symbol id="sm-7c8">
         <name>IntVTableBaseSet</name>
         <value>0x2000ea45</value>
         <object_component_ref idref="oc-af"/>
      </symbol>
      <symbol id="sm-7c9">
         <name>IntEnable</name>
         <value>0x2000cf4d</value>
         <object_component_ref idref="oc-b5"/>
      </symbol>
      <symbol id="sm-7ca">
         <name>IntMasterDisable</name>
         <value>0x2000eba3</value>
         <object_component_ref idref="oc-53"/>
      </symbol>
      <symbol id="sm-7cb">
         <name>IntPendSet</name>
         <value>0x2000d41d</value>
         <object_component_ref idref="oc-659"/>
      </symbol>
      <symbol id="sm-805">
         <name>PinModeGet</name>
         <value>0x2000e4f1</value>
         <object_component_ref idref="oc-258"/>
      </symbol>
      <symbol id="sm-806">
         <name>PinConfigSet</name>
         <value>0x2000d4a5</value>
         <object_component_ref idref="oc-2d0"/>
      </symbol>
      <symbol id="sm-807">
         <name>PinModeSet</name>
         <value>0x2000e189</value>
         <object_component_ref idref="oc-25e"/>
      </symbol>
      <symbol id="sm-808">
         <name>PinToPadGet</name>
         <value>0x2000e889</value>
         <object_component_ref idref="oc-627"/>
      </symbol>
      <symbol id="sm-8d1">
         <name>PRCMLPDSRestoreInfoSet</name>
         <value>0x2000dff1</value>
         <object_component_ref idref="oc-63b"/>
      </symbol>
      <symbol id="sm-8d2">
         <name>PRCMPeripheralReset</name>
         <value>0x2000dad9</value>
         <object_component_ref idref="oc-24c"/>
      </symbol>
      <symbol id="sm-8d3">
         <name>PRCMLPDSEnter</name>
         <value>0x2000de8d</value>
         <object_component_ref idref="oc-5a7"/>
      </symbol>
      <symbol id="sm-8d4">
         <name>PRCMPeripheralClkEnable</name>
         <value>0x2000ded5</value>
         <object_component_ref idref="oc-246"/>
      </symbol>
      <symbol id="sm-8d5">
         <name>PRCMLPDSEnterKeepDebugIf</name>
         <value>0x2000e33d</value>
         <object_component_ref idref="oc-5ad"/>
      </symbol>
      <symbol id="sm-8d6">
         <name>PRCMCC3200MCUInit</name>
         <value>0x2000c041</value>
         <object_component_ref idref="oc-1c5"/>
      </symbol>
      <symbol id="sm-8d7">
         <name>PRCMHIBRegWrite</name>
         <value>0x2000e9db</value>
         <object_component_ref idref="oc-23a"/>
      </symbol>
      <symbol id="sm-8d8">
         <name>PRCMSysResetCauseGet</name>
         <value>0x2000da1d</value>
         <object_component_ref idref="oc-233"/>
      </symbol>
      <symbol id="sm-8d9">
         <name>PRCMPeripheralClkDisable</name>
         <value>0x2000e6a1</value>
         <object_component_ref idref="oc-252"/>
      </symbol>
      <symbol id="sm-8da">
         <name>PRCMHIBRegRead</name>
         <value>0x2000e9c5</value>
         <object_component_ref idref="oc-240"/>
      </symbol>
      <symbol id="sm-922">
         <name>TimerLoadSet</name>
         <value>0x2000e64b</value>
         <object_component_ref idref="oc-51a"/>
      </symbol>
      <symbol id="sm-923">
         <name>TimerDisable</name>
         <value>0x2000e82f</value>
         <object_component_ref idref="oc-50e"/>
      </symbol>
      <symbol id="sm-924">
         <name>TimerEnable</name>
         <value>0x2000e84d</value>
         <object_component_ref idref="oc-545"/>
      </symbol>
      <symbol id="sm-925">
         <name>TimerIntDisable</name>
         <value>0x2000e97d</value>
         <object_component_ref idref="oc-66a"/>
      </symbol>
      <symbol id="sm-926">
         <name>TimerPrescaleSet</name>
         <value>0x2000e675</value>
         <object_component_ref idref="oc-514"/>
      </symbol>
      <symbol id="sm-927">
         <name>TimerControlStall</name>
         <value>0x2000e41d</value>
         <object_component_ref idref="oc-520"/>
      </symbol>
      <symbol id="sm-928">
         <name>TimerIntEnable</name>
         <value>0x2000e995</value>
         <object_component_ref idref="oc-539"/>
      </symbol>
      <symbol id="sm-929">
         <name>TimerIntClear</name>
         <value>0x2000ea93</value>
         <object_component_ref idref="oc-530"/>
      </symbol>
      <symbol id="sm-92d">
         <name>UtilsDelay</name>
         <value>0x2000ebb5</value>
         <object_component_ref idref="oc-239"/>
      </symbol>
      <symbol id="sm-93d">
         <name>FlashDisable</name>
         <value>0x2000ddb5</value>
         <object_component_ref idref="oc-651"/>
      </symbol>
      <symbol id="sm-946">
         <name>__aeabi_lmul</name>
         <value>0x2000e9ad</value>
         <object_component_ref idref="oc-476"/>
      </symbol>
      <symbol id="sm-961">
         <name>memcpy</name>
         <value>0x2000d13d</value>
         <object_component_ref idref="oc-3b"/>
      </symbol>
      <symbol id="sm-962">
         <name>__aeabi_memcpy</name>
         <value>0x2000d13d</value>
         <object_component_ref idref="oc-3b"/>
      </symbol>
      <symbol id="sm-963">
         <name>__aeabi_memcpy8</name>
         <value>0x2000d13d</value>
         <object_component_ref idref="oc-3b"/>
      </symbol>
      <symbol id="sm-964">
         <name>__aeabi_memcpy4</name>
         <value>0x2000d13d</value>
         <object_component_ref idref="oc-3b"/>
      </symbol>
      <symbol id="sm-971">
         <name>__aeabi_uldivmod</name>
         <value>0x2000d1d9</value>
         <object_component_ref idref="oc-46b"/>
      </symbol>
      <symbol id="sm-985">
         <name>__TI_zero_init_nomemset</name>
         <value>0x2000e8c1</value>
         <object_component_ref idref="oc-47"/>
      </symbol>
      <symbol id="sm-99c">
         <name>__TI_decompress_none</name>
         <value>0x2000eb73</value>
         <object_component_ref idref="oc-1a"/>
      </symbol>
      <symbol id="sm-9bf">
         <name>__TI_decompress_lzss</name>
         <value>0x2000d88d</value>
         <object_component_ref idref="oc-14"/>
      </symbol>
      <symbol id="sm-a48">
         <name>_sys_memory</name>
         <value>0x20004040</value>
         <object_component_ref idref="oc-2a"/>
      </symbol>
      <symbol id="sm-a49">
         <name>free</name>
         <value>0x2000cda9</value>
         <object_component_ref idref="oc-365"/>
      </symbol>
      <symbol id="sm-a4a">
         <name>memalign</name>
         <value>0x2000cca9</value>
         <object_component_ref idref="oc-54c"/>
      </symbol>
      <symbol id="sm-a4b">
         <name>malloc</name>
         <value>0x2000ebad</value>
         <object_component_ref idref="oc-404"/>
      </symbol>
      <symbol id="sm-a4c">
         <name>aligned_alloc</name>
         <value>0x2000cca9</value>
         <object_component_ref idref="oc-54c"/>
      </symbol>
      <symbol id="sm-a5e">
         <name>__stack</name>
         <value>0x20003000</value>
         <object_component_ref idref="oc-2d"/>
      </symbol>
      <symbol id="sm-a5f">
         <name>_c_int00_noargs</name>
         <value>0x2000e7ad</value>
         <object_component_ref idref="oc-c5"/>
      </symbol>
      <symbol id="sm-a69">
         <name>__aeabi_idiv0</name>
         <value>0x2000ebd1</value>
         <object_component_ref idref="oc-578"/>
      </symbol>
      <symbol id="sm-a6a">
         <name>__aeabi_ldiv0</name>
         <value>0x2000ebd1</value>
         <object_component_ref idref="oc-578"/>
      </symbol>
      <symbol id="sm-a93">
         <name>__TI_auto_init_nobinit_nopinit</name>
         <value>0x2000e145</value>
         <object_component_ref idref="oc-178"/>
      </symbol>
      <symbol id="sm-a9d">
         <name>_system_pre_init</name>
         <value>0x2000ebc7</value>
         <object_component_ref idref="oc-119"/>
      </symbol>
      <symbol id="sm-aa9">
         <name>C$$EXIT</name>
         <value>0x2000ebcb</value>
         <object_component_ref idref="oc-16c"/>
      </symbol>
      <symbol id="sm-aaa">
         <name>abort</name>
         <value>0x2000ebcb</value>
         <object_component_ref idref="oc-16c"/>
      </symbol>
      <symbol id="sm-abf">
         <name>_nop</name>
         <value>0x2000e86b</value>
         <object_component_ref idref="oc-309"/>
      </symbol>
      <symbol id="sm-ac0">
         <name>_lock</name>
         <value>0x2000f1c8</value>
         <object_component_ref idref="oc-20b"/>
      </symbol>
      <symbol id="sm-ac1">
         <name>_unlock</name>
         <value>0x2000f1cc</value>
         <object_component_ref idref="oc-20b"/>
      </symbol>
      <symbol id="sm-ac3">
         <name>__TI_static_base__</name>
         <value>0x2000f7b8</value>
      </symbol>
      <symbol id="sm-ac6">
         <name>ITM_flush</name>
         <value>0x0</value>
      </symbol>
      <symbol id="sm-ac7">
         <name>ITM_restore</name>
         <value>0x0</value>
      </symbol>
      <symbol id="sm-ac8">
         <name>__mpu_init</name>
         <value>0x0</value>
      </symbol>
      <symbol id="sm-ac9">
         <name>_system_post_cinit</name>
         <value>0x0</value>
      </symbol>
      <symbol id="sm-aca">
         <name>NoRTOS_start</name>
         <value>0x2000eb65</value>
      </symbol>
   </symbol_table>
   <title>Link successful</title>
</link_info>
